15:24:16 **** Build of configuration Debug for project HW6 ****
make -j8 all 
Building file: ../startup/startup_stm32f0xx.S
Building file: ../src/main.c
Invoking: MCU GCC Compiler
Building file: ../src/syscalls.c
Invoking: MCU GCC Compiler
Building file: ../src/system_stm32f0xx.c
Invoking: MCU GCC Compiler
/home/shay/a/fu216/workspace/stm32f0_test/HW6/HW6/Debug
/home/shay/a/fu216/workspace/stm32f0_test/HW6/HW6/Debug
Building file: ../src/wave.c
arm-none-eabi-gcc -mcpu=cortex-m0 -mthumb -mfloat-abi=soft -DSTM32 -DSTM32F0 -DSTM32F051R8Tx -DSTM32F0DISCOVERY -DDEBUG -DSTM32F051 -DUSE_STDPERIPH_DRIVER -I"/home/shay/a/fu216/workspace/stm32f0_test/HW6/HW6/Utilities" -I"/home/shay/a/fu216/workspace/stm32f0_test/HW6/HW6/StdPeriph_Driver/inc" -I"/home/shay/a/fu216/workspace/stm32f0_test/HW6/HW6/inc" -I"/home/shay/a/fu216/workspace/stm32f0_test/HW6/HW6/CMSIS/device" -I"/home/shay/a/fu216/workspace/stm32f0_test/HW6/HW6/CMSIS/core" -O0 -g3 -Wall -fmessage-length=0 -ffunction-sections -c -MMD -MP -MF"startup/startup_stm32f0xx.d" -MT"startup/startup_stm32f0xx.o" -o "startup/startup_stm32f0xx.o" "../startup/startup_stm32f0xx.S"
Building file: ../Utilities/stm32f0_discovery.c
/home/shay/a/fu216/workspace/stm32f0_test/HW6/HW6/Debug
arm-none-eabi-gcc -mcpu=cortex-m0 -mthumb -mfloat-abi=soft -DSTM32 -DSTM32F0 -DSTM32F051R8Tx -DSTM32F0DISCOVERY -DDEBUG -DSTM32F051 -DUSE_STDPERIPH_DRIVER -I"/home/shay/a/fu216/workspace/stm32f0_test/HW6/HW6/Utilities" -I"/home/shay/a/fu216/workspace/stm32f0_test/HW6/HW6/StdPeriph_Driver/inc" -I"/home/shay/a/fu216/workspace/stm32f0_test/HW6/HW6/inc" -I"/home/shay/a/fu216/workspace/stm32f0_test/HW6/HW6/CMSIS/device" -I"/home/shay/a/fu216/workspace/stm32f0_test/HW6/HW6/CMSIS/core" -O0 -g3 -Wall -fmessage-length=0 -ffunction-sections -c -MMD -MP -MF"src/main.d" -MT"src/main.o" -o "src/main.o" "../src/main.c"
arm-none-eabi-gcc -mcpu=cortex-m0 -mthumb -mfloat-abi=soft -DSTM32 -DSTM32F0 -DSTM32F051R8Tx -DSTM32F0DISCOVERY -DDEBUG -DSTM32F051 -DUSE_STDPERIPH_DRIVER -I"/home/shay/a/fu216/workspace/stm32f0_test/HW6/HW6/Utilities" -I"/home/shay/a/fu216/workspace/stm32f0_test/HW6/HW6/StdPeriph_Driver/inc" -I"/home/shay/a/fu216/workspace/stm32f0_test/HW6/HW6/inc" -I"/home/shay/a/fu216/workspace/stm32f0_test/HW6/HW6/CMSIS/device" -I"/home/shay/a/fu216/workspace/stm32f0_test/HW6/HW6/CMSIS/core" -O0 -g3 -Wall -fmessage-length=0 -ffunction-sections -c -MMD -MP -MF"src/syscalls.d" -MT"src/syscalls.o" -o "src/syscalls.o" "../src/syscalls.c"
Invoking: MCU GCC Compiler
Invoking: MCU GCC Compiler
Building file: ../StdPeriph_Driver/src/stm32f0xx_cec.c
/home/shay/a/fu216/workspace/stm32f0_test/HW6/HW6/Debug
arm-none-eabi-gcc -mcpu=cortex-m0 -mthumb -mfloat-abi=soft -DSTM32 -DSTM32F0 -DSTM32F051R8Tx -DSTM32F0DISCOVERY -DDEBUG -DSTM32F051 -DUSE_STDPERIPH_DRIVER -I"/home/shay/a/fu216/workspace/stm32f0_test/HW6/HW6/Utilities" -I"/home/shay/a/fu216/workspace/stm32f0_test/HW6/HW6/StdPeriph_Driver/inc" -I"/home/shay/a/fu216/workspace/stm32f0_test/HW6/HW6/inc" -I"/home/shay/a/fu216/workspace/stm32f0_test/HW6/HW6/CMSIS/device" -I"/home/shay/a/fu216/workspace/stm32f0_test/HW6/HW6/CMSIS/core" -O0 -g3 -Wall -fmessage-length=0 -ffunction-sections -c -MMD -MP -MF"Utilities/stm32f0_discovery.d" -MT"Utilities/stm32f0_discovery.o" -o "Utilities/stm32f0_discovery.o" "../Utilities/stm32f0_discovery.c"
/home/shay/a/fu216/workspace/stm32f0_test/HW6/HW6/Debug
arm-none-eabi-gcc -mcpu=cortex-m0 -mthumb -mfloat-abi=soft -DSTM32 -DSTM32F0 -DSTM32F051R8Tx -DSTM32F0DISCOVERY -DDEBUG -DSTM32F051 -DUSE_STDPERIPH_DRIVER -I"/home/shay/a/fu216/workspace/stm32f0_test/HW6/HW6/Utilities" -I"/home/shay/a/fu216/workspace/stm32f0_test/HW6/HW6/StdPeriph_Driver/inc" -I"/home/shay/a/fu216/workspace/stm32f0_test/HW6/HW6/inc" -I"/home/shay/a/fu216/workspace/stm32f0_test/HW6/HW6/CMSIS/device" -I"/home/shay/a/fu216/workspace/stm32f0_test/HW6/HW6/CMSIS/core" -O0 -g3 -Wall -fmessage-length=0 -ffunction-sections -c -MMD -MP -MF"src/wave.d" -MT"src/wave.o" -o "src/wave.o" "../src/wave.c"
Building file: ../StdPeriph_Driver/src/stm32f0xx_adc.c
Invoking: MCU GCC Compiler
Invoking: MCU GCC Compiler
Invoking: MCU GCC Compiler
/home/shay/a/fu216/workspace/stm32f0_test/HW6/HW6/Debug
arm-none-eabi-gcc -mcpu=cortex-m0 -mthumb -mfloat-abi=soft -DSTM32 -DSTM32F0 -DSTM32F051R8Tx -DSTM32F0DISCOVERY -DDEBUG -DSTM32F051 -DUSE_STDPERIPH_DRIVER -I"/home/shay/a/fu216/workspace/stm32f0_test/HW6/HW6/Utilities" -I"/home/shay/a/fu216/workspace/stm32f0_test/HW6/HW6/StdPeriph_Driver/inc" -I"/home/shay/a/fu216/workspace/stm32f0_test/HW6/HW6/inc" -I"/home/shay/a/fu216/workspace/stm32f0_test/HW6/HW6/CMSIS/device" -I"/home/shay/a/fu216/workspace/stm32f0_test/HW6/HW6/CMSIS/core" -O0 -g3 -Wall -fmessage-length=0 -ffunction-sections -c -MMD -MP -MF"src/system_stm32f0xx.d" -MT"src/system_stm32f0xx.o" -o "src/system_stm32f0xx.o" "../src/system_stm32f0xx.c"
/home/shay/a/fu216/workspace/stm32f0_test/HW6/HW6/Debug
arm-none-eabi-gcc -mcpu=cortex-m0 -mthumb -mfloat-abi=soft -DSTM32 -DSTM32F0 -DSTM32F051R8Tx -DSTM32F0DISCOVERY -DDEBUG -DSTM32F051 -DUSE_STDPERIPH_DRIVER -I"/home/shay/a/fu216/workspace/stm32f0_test/HW6/HW6/Utilities" -I"/home/shay/a/fu216/workspace/stm32f0_test/HW6/HW6/StdPeriph_Driver/inc" -I"/home/shay/a/fu216/workspace/stm32f0_test/HW6/HW6/inc" -I"/home/shay/a/fu216/workspace/stm32f0_test/HW6/HW6/CMSIS/device" -I"/home/shay/a/fu216/workspace/stm32f0_test/HW6/HW6/CMSIS/core" -O0 -g3 -Wall -fmessage-length=0 -ffunction-sections -c -MMD -MP -MF"StdPeriph_Driver/src/stm32f0xx_cec.d" -MT"StdPeriph_Driver/src/stm32f0xx_cec.o" -o "StdPeriph_Driver/src/stm32f0xx_cec.o" "../StdPeriph_Driver/src/stm32f0xx_cec.c"
/home/shay/a/fu216/workspace/stm32f0_test/HW6/HW6/Debug
arm-none-eabi-gcc -mcpu=cortex-m0 -mthumb -mfloat-abi=soft -DSTM32 -DSTM32F0 -DSTM32F051R8Tx -DSTM32F0DISCOVERY -DDEBUG -DSTM32F051 -DUSE_STDPERIPH_DRIVER -I"/home/shay/a/fu216/workspace/stm32f0_test/HW6/HW6/Utilities" -I"/home/shay/a/fu216/workspace/stm32f0_test/HW6/HW6/StdPeriph_Driver/inc" -I"/home/shay/a/fu216/workspace/stm32f0_test/HW6/HW6/inc" -I"/home/shay/a/fu216/workspace/stm32f0_test/HW6/HW6/CMSIS/device" -I"/home/shay/a/fu216/workspace/stm32f0_test/HW6/HW6/CMSIS/core" -O0 -g3 -Wall -fmessage-length=0 -ffunction-sections -c -MMD -MP -MF"StdPeriph_Driver/src/stm32f0xx_adc.d" -MT"StdPeriph_Driver/src/stm32f0xx_adc.o" -o "StdPeriph_Driver/src/stm32f0xx_adc.o" "../StdPeriph_Driver/src/stm32f0xx_adc.c"
../src/system_stm32f0xx.c: In function 'SetSysClock':
../src/system_stm32f0xx.c:273:37: warning: unused variable 'HSEStatus' [-Wunused-variable]
   __IO uint32_t StartUpCounter = 0, HSEStatus = 0;
                                     ^~~~~~~~~
../src/system_stm32f0xx.c:273:17: warning: unused variable 'StartUpCounter' [-Wunused-variable]
   __IO uint32_t StartUpCounter = 0, HSEStatus = 0;
                 ^~~~~~~~~~~~~~
../src/main.c: In function 'main':
../src/main.c:85:2: warning: implicit declaration of function 'init_wavetable'; did you mean 'initstate'? [-Wimplicit-function-declaration]
  init_wavetable();
  ^~~~~~~~~~~~~~
  initstate
../src/main.c:86:2: warning: implicit declaration of function 'setup_gipo'; did you mean 'setup_gpio'? [-Wimplicit-function-declaration]
  setup_gipo();
  ^~~~~~~~~~
  setup_gpio
../src/main.c:88:2: warning: implicit declaration of function 'setup_tim6'; did you mean 'setup_timer6'? [-Wimplicit-function-declaration]
  setup_tim6();
  ^~~~~~~~~~
  setup_timer6
../src/main.c: In function 'read_adc_channel':
../src/main.c:66:1: warning: control reaches end of non-void function [-Wreturn-type]
 }
 ^
Finished building: ../startup/startup_stm32f0xx.S
 
Building file: ../StdPeriph_Driver/src/stm32f0xx_comp.c
Finished building: ../Utilities/stm32f0_discovery.c
Invoking: MCU GCC Compiler
 
/home/shay/a/fu216/workspace/stm32f0_test/HW6/HW6/Debug
arm-none-eabi-gcc -mcpu=cortex-m0 -mthumb -mfloat-abi=soft -DSTM32 -DSTM32F0 -DSTM32F051R8Tx -DSTM32F0DISCOVERY -DDEBUG -DSTM32F051 -DUSE_STDPERIPH_DRIVER -I"/home/shay/a/fu216/workspace/stm32f0_test/HW6/HW6/Utilities" -I"/home/shay/a/fu216/workspace/stm32f0_test/HW6/HW6/StdPeriph_Driver/inc" -I"/home/shay/a/fu216/workspace/stm32f0_test/HW6/HW6/inc" -I"/home/shay/a/fu216/workspace/stm32f0_test/HW6/HW6/CMSIS/device" -I"/home/shay/a/fu216/workspace/stm32f0_test/HW6/HW6/CMSIS/core" -O0 -g3 -Wall -fmessage-length=0 -ffunction-sections -c -MMD -MP -MF"StdPeriph_Driver/src/stm32f0xx_comp.d" -MT"StdPeriph_Driver/src/stm32f0xx_comp.o" -o "StdPeriph_Driver/src/stm32f0xx_comp.o" "../StdPeriph_Driver/src/stm32f0xx_comp.c"
Building file: ../StdPeriph_Driver/src/stm32f0xx_crc.c
Invoking: MCU GCC Compiler
/home/shay/a/fu216/workspace/stm32f0_test/HW6/HW6/Debug
arm-none-eabi-gcc -mcpu=cortex-m0 -mthumb -mfloat-abi=soft -DSTM32 -DSTM32F0 -DSTM32F051R8Tx -DSTM32F0DISCOVERY -DDEBUG -DSTM32F051 -DUSE_STDPERIPH_DRIVER -I"/home/shay/a/fu216/workspace/stm32f0_test/HW6/HW6/Utilities" -I"/home/shay/a/fu216/workspace/stm32f0_test/HW6/HW6/StdPeriph_Driver/inc" -I"/home/shay/a/fu216/workspace/stm32f0_test/HW6/HW6/inc" -I"/home/shay/a/fu216/workspace/stm32f0_test/HW6/HW6/CMSIS/device" -I"/home/shay/a/fu216/workspace/stm32f0_test/HW6/HW6/CMSIS/core" -O0 -g3 -Wall -fmessage-length=0 -ffunction-sections -c -MMD -MP -MF"StdPeriph_Driver/src/stm32f0xx_crc.d" -MT"StdPeriph_Driver/src/stm32f0xx_crc.o" -o "StdPeriph_Driver/src/stm32f0xx_crc.o" "../StdPeriph_Driver/src/stm32f0xx_crc.c"
Finished building: ../StdPeriph_Driver/src/stm32f0xx_cec.c
 
Building file: ../StdPeriph_Driver/src/stm32f0xx_dac.c
Finished building: ../StdPeriph_Driver/src/stm32f0xx_adc.c
Finished building: ../src/wave.c
Invoking: MCU GCC Compiler
 
 
/home/shay/a/fu216/workspace/stm32f0_test/HW6/HW6/Debug
Building file: ../StdPeriph_Driver/src/stm32f0xx_dbgmcu.c
arm-none-eabi-gcc -mcpu=cortex-m0 -mthumb -mfloat-abi=soft -DSTM32 -DSTM32F0 -DSTM32F051R8Tx -DSTM32F0DISCOVERY -DDEBUG -DSTM32F051 -DUSE_STDPERIPH_DRIVER -I"/home/shay/a/fu216/workspace/stm32f0_test/HW6/HW6/Utilities" -I"/home/shay/a/fu216/workspace/stm32f0_test/HW6/HW6/StdPeriph_Driver/inc" -I"/home/shay/a/fu216/workspace/stm32f0_test/HW6/HW6/inc" -I"/home/shay/a/fu216/workspace/stm32f0_test/HW6/HW6/CMSIS/device" -I"/home/shay/a/fu216/workspace/stm32f0_test/HW6/HW6/CMSIS/core" -O0 -g3 -Wall -fmessage-length=0 -ffunction-sections -c -MMD -MP -MF"StdPeriph_Driver/src/stm32f0xx_dac.d" -MT"StdPeriph_Driver/src/stm32f0xx_dac.o" -o "StdPeriph_Driver/src/stm32f0xx_dac.o" "../StdPeriph_Driver/src/stm32f0xx_dac.c"
Finished building: ../src/system_stm32f0xx.c
Invoking: MCU GCC Compiler
Building file: ../StdPeriph_Driver/src/stm32f0xx_dma.c
Finished building: ../src/syscalls.c
 
/home/shay/a/fu216/workspace/stm32f0_test/HW6/HW6/Debug
Invoking: MCU GCC Compiler
 
Building file: ../StdPeriph_Driver/src/stm32f0xx_exti.c
arm-none-eabi-gcc -mcpu=cortex-m0 -mthumb -mfloat-abi=soft -DSTM32 -DSTM32F0 -DSTM32F051R8Tx -DSTM32F0DISCOVERY -DDEBUG -DSTM32F051 -DUSE_STDPERIPH_DRIVER -I"/home/shay/a/fu216/workspace/stm32f0_test/HW6/HW6/Utilities" -I"/home/shay/a/fu216/workspace/stm32f0_test/HW6/HW6/StdPeriph_Driver/inc" -I"/home/shay/a/fu216/workspace/stm32f0_test/HW6/HW6/inc" -I"/home/shay/a/fu216/workspace/stm32f0_test/HW6/HW6/CMSIS/device" -I"/home/shay/a/fu216/workspace/stm32f0_test/HW6/HW6/CMSIS/core" -O0 -g3 -Wall -fmessage-length=0 -ffunction-sections -c -MMD -MP -MF"StdPeriph_Driver/src/stm32f0xx_dbgmcu.d" -MT"StdPeriph_Driver/src/stm32f0xx_dbgmcu.o" -o "StdPeriph_Driver/src/stm32f0xx_dbgmcu.o" "../StdPeriph_Driver/src/stm32f0xx_dbgmcu.c"
Finished building: ../StdPeriph_Driver/src/stm32f0xx_comp.c
Finished building: ../src/main.c
Finished building: ../StdPeriph_Driver/src/stm32f0xx_crc.c
/home/shay/a/fu216/workspace/stm32f0_test/HW6/HW6/Debug
arm-none-eabi-gcc -mcpu=cortex-m0 -mthumb -mfloat-abi=soft -DSTM32 -DSTM32F0 -DSTM32F051R8Tx -DSTM32F0DISCOVERY -DDEBUG -DSTM32F051 -DUSE_STDPERIPH_DRIVER -I"/home/shay/a/fu216/workspace/stm32f0_test/HW6/HW6/Utilities" -I"/home/shay/a/fu216/workspace/stm32f0_test/HW6/HW6/StdPeriph_Driver/inc" -I"/home/shay/a/fu216/workspace/stm32f0_test/HW6/HW6/inc" -I"/home/shay/a/fu216/workspace/stm32f0_test/HW6/HW6/CMSIS/device" -I"/home/shay/a/fu216/workspace/stm32f0_test/HW6/HW6/CMSIS/core" -O0 -g3 -Wall -fmessage-length=0 -ffunction-sections -c -MMD -MP -MF"StdPeriph_Driver/src/stm32f0xx_dma.d" -MT"StdPeriph_Driver/src/stm32f0xx_dma.o" -o "StdPeriph_Driver/src/stm32f0xx_dma.o" "../StdPeriph_Driver/src/stm32f0xx_dma.c"
Invoking: MCU GCC Compiler
 
 
Building file: ../StdPeriph_Driver/src/stm32f0xx_flash.c
Building file: ../StdPeriph_Driver/src/stm32f0xx_gpio.c
Invoking: MCU GCC Compiler
 
Building file: ../StdPeriph_Driver/src/stm32f0xx_i2c.c
Invoking: MCU GCC Compiler
/home/shay/a/fu216/workspace/stm32f0_test/HW6/HW6/Debug
/home/shay/a/fu216/workspace/stm32f0_test/HW6/HW6/Debug
arm-none-eabi-gcc -mcpu=cortex-m0 -mthumb -mfloat-abi=soft -DSTM32 -DSTM32F0 -DSTM32F051R8Tx -DSTM32F0DISCOVERY -DDEBUG -DSTM32F051 -DUSE_STDPERIPH_DRIVER -I"/home/shay/a/fu216/workspace/stm32f0_test/HW6/HW6/Utilities" -I"/home/shay/a/fu216/workspace/stm32f0_test/HW6/HW6/StdPeriph_Driver/inc" -I"/home/shay/a/fu216/workspace/stm32f0_test/HW6/HW6/inc" -I"/home/shay/a/fu216/workspace/stm32f0_test/HW6/HW6/CMSIS/device" -I"/home/shay/a/fu216/workspace/stm32f0_test/HW6/HW6/CMSIS/core" -O0 -g3 -Wall -fmessage-length=0 -ffunction-sections -c -MMD -MP -MF"StdPeriph_Driver/src/stm32f0xx_exti.d" -MT"StdPeriph_Driver/src/stm32f0xx_exti.o" -o "StdPeriph_Driver/src/stm32f0xx_exti.o" "../StdPeriph_Driver/src/stm32f0xx_exti.c"
arm-none-eabi-gcc -mcpu=cortex-m0 -mthumb -mfloat-abi=soft -DSTM32 -DSTM32F0 -DSTM32F051R8Tx -DSTM32F0DISCOVERY -DDEBUG -DSTM32F051 -DUSE_STDPERIPH_DRIVER -I"/home/shay/a/fu216/workspace/stm32f0_test/HW6/HW6/Utilities" -I"/home/shay/a/fu216/workspace/stm32f0_test/HW6/HW6/StdPeriph_Driver/inc" -I"/home/shay/a/fu216/workspace/stm32f0_test/HW6/HW6/inc" -I"/home/shay/a/fu216/workspace/stm32f0_test/HW6/HW6/CMSIS/device" -I"/home/shay/a/fu216/workspace/stm32f0_test/HW6/HW6/CMSIS/core" -O0 -g3 -Wall -fmessage-length=0 -ffunction-sections -c -MMD -MP -MF"StdPeriph_Driver/src/stm32f0xx_flash.d" -MT"StdPeriph_Driver/src/stm32f0xx_flash.o" -o "StdPeriph_Driver/src/stm32f0xx_flash.o" "../StdPeriph_Driver/src/stm32f0xx_flash.c"
/home/shay/a/fu216/workspace/stm32f0_test/HW6/HW6/Debug
Building file: ../StdPeriph_Driver/src/stm32f0xx_iwdg.c
Invoking: MCU GCC Compiler
arm-none-eabi-gcc -mcpu=cortex-m0 -mthumb -mfloat-abi=soft -DSTM32 -DSTM32F0 -DSTM32F051R8Tx -DSTM32F0DISCOVERY -DDEBUG -DSTM32F051 -DUSE_STDPERIPH_DRIVER -I"/home/shay/a/fu216/workspace/stm32f0_test/HW6/HW6/Utilities" -I"/home/shay/a/fu216/workspace/stm32f0_test/HW6/HW6/StdPeriph_Driver/inc" -I"/home/shay/a/fu216/workspace/stm32f0_test/HW6/HW6/inc" -I"/home/shay/a/fu216/workspace/stm32f0_test/HW6/HW6/CMSIS/device" -I"/home/shay/a/fu216/workspace/stm32f0_test/HW6/HW6/CMSIS/core" -O0 -g3 -Wall -fmessage-length=0 -ffunction-sections -c -MMD -MP -MF"StdPeriph_Driver/src/stm32f0xx_gpio.d" -MT"StdPeriph_Driver/src/stm32f0xx_gpio.o" -o "StdPeriph_Driver/src/stm32f0xx_gpio.o" "../StdPeriph_Driver/src/stm32f0xx_gpio.c"
Invoking: MCU GCC Compiler
/home/shay/a/fu216/workspace/stm32f0_test/HW6/HW6/Debug
arm-none-eabi-gcc -mcpu=cortex-m0 -mthumb -mfloat-abi=soft -DSTM32 -DSTM32F0 -DSTM32F051R8Tx -DSTM32F0DISCOVERY -DDEBUG -DSTM32F051 -DUSE_STDPERIPH_DRIVER -I"/home/shay/a/fu216/workspace/stm32f0_test/HW6/HW6/Utilities" -I"/home/shay/a/fu216/workspace/stm32f0_test/HW6/HW6/StdPeriph_Driver/inc" -I"/home/shay/a/fu216/workspace/stm32f0_test/HW6/HW6/inc" -I"/home/shay/a/fu216/workspace/stm32f0_test/HW6/HW6/CMSIS/device" -I"/home/shay/a/fu216/workspace/stm32f0_test/HW6/HW6/CMSIS/core" -O0 -g3 -Wall -fmessage-length=0 -ffunction-sections -c -MMD -MP -MF"StdPeriph_Driver/src/stm32f0xx_i2c.d" -MT"StdPeriph_Driver/src/stm32f0xx_i2c.o" -o "StdPeriph_Driver/src/stm32f0xx_i2c.o" "../StdPeriph_Driver/src/stm32f0xx_i2c.c"
/home/shay/a/fu216/workspace/stm32f0_test/HW6/HW6/Debug
arm-none-eabi-gcc -mcpu=cortex-m0 -mthumb -mfloat-abi=soft -DSTM32 -DSTM32F0 -DSTM32F051R8Tx -DSTM32F0DISCOVERY -DDEBUG -DSTM32F051 -DUSE_STDPERIPH_DRIVER -I"/home/shay/a/fu216/workspace/stm32f0_test/HW6/HW6/Utilities" -I"/home/shay/a/fu216/workspace/stm32f0_test/HW6/HW6/StdPeriph_Driver/inc" -I"/home/shay/a/fu216/workspace/stm32f0_test/HW6/HW6/inc" -I"/home/shay/a/fu216/workspace/stm32f0_test/HW6/HW6/CMSIS/device" -I"/home/shay/a/fu216/workspace/stm32f0_test/HW6/HW6/CMSIS/core" -O0 -g3 -Wall -fmessage-length=0 -ffunction-sections -c -MMD -MP -MF"StdPeriph_Driver/src/stm32f0xx_iwdg.d" -MT"StdPeriph_Driver/src/stm32f0xx_iwdg.o" -o "StdPeriph_Driver/src/stm32f0xx_iwdg.o" "../StdPeriph_Driver/src/stm32f0xx_iwdg.c"
Finished building: ../StdPeriph_Driver/src/stm32f0xx_dac.c
 
Building file: ../StdPeriph_Driver/src/stm32f0xx_misc.c
Invoking: MCU GCC Compiler
/home/shay/a/fu216/workspace/stm32f0_test/HW6/HW6/Debug
arm-none-eabi-gcc -mcpu=cortex-m0 -mthumb -mfloat-abi=soft -DSTM32 -DSTM32F0 -DSTM32F051R8Tx -DSTM32F0DISCOVERY -DDEBUG -DSTM32F051 -DUSE_STDPERIPH_DRIVER -I"/home/shay/a/fu216/workspace/stm32f0_test/HW6/HW6/Utilities" -I"/home/shay/a/fu216/workspace/stm32f0_test/HW6/HW6/StdPeriph_Driver/inc" -I"/home/shay/a/fu216/workspace/stm32f0_test/HW6/HW6/inc" -I"/home/shay/a/fu216/workspace/stm32f0_test/HW6/HW6/CMSIS/device" -I"/home/shay/a/fu216/workspace/stm32f0_test/HW6/HW6/CMSIS/core" -O0 -g3 -Wall -fmessage-length=0 -ffunction-sections -c -MMD -MP -MF"StdPeriph_Driver/src/stm32f0xx_misc.d" -MT"StdPeriph_Driver/src/stm32f0xx_misc.o" -o "StdPeriph_Driver/src/stm32f0xx_misc.o" "../StdPeriph_Driver/src/stm32f0xx_misc.c"
Finished building: ../StdPeriph_Driver/src/stm32f0xx_dbgmcu.c
 
Building file: ../StdPeriph_Driver/src/stm32f0xx_pwr.c
Finished building: ../StdPeriph_Driver/src/stm32f0xx_exti.c
Invoking: MCU GCC Compiler
 
Building file: ../StdPeriph_Driver/src/stm32f0xx_rcc.c
Invoking: MCU GCC Compiler
/home/shay/a/fu216/workspace/stm32f0_test/HW6/HW6/Debug
arm-none-eabi-gcc -mcpu=cortex-m0 -mthumb -mfloat-abi=soft -DSTM32 -DSTM32F0 -DSTM32F051R8Tx -DSTM32F0DISCOVERY -DDEBUG -DSTM32F051 -DUSE_STDPERIPH_DRIVER -I"/home/shay/a/fu216/workspace/stm32f0_test/HW6/HW6/Utilities" -I"/home/shay/a/fu216/workspace/stm32f0_test/HW6/HW6/StdPeriph_Driver/inc" -I"/home/shay/a/fu216/workspace/stm32f0_test/HW6/HW6/inc" -I"/home/shay/a/fu216/workspace/stm32f0_test/HW6/HW6/CMSIS/device" -I"/home/shay/a/fu216/workspace/stm32f0_test/HW6/HW6/CMSIS/core" -O0 -g3 -Wall -fmessage-length=0 -ffunction-sections -c -MMD -MP -MF"StdPeriph_Driver/src/stm32f0xx_rcc.d" -MT"StdPeriph_Driver/src/stm32f0xx_rcc.o" -o "StdPeriph_Driver/src/stm32f0xx_rcc.o" "../StdPeriph_Driver/src/stm32f0xx_rcc.c"
Finished building: ../StdPeriph_Driver/src/stm32f0xx_dma.c
 
Building file: ../StdPeriph_Driver/src/stm32f0xx_rtc.c
Invoking: MCU GCC Compiler
/home/shay/a/fu216/workspace/stm32f0_test/HW6/HW6/Debug
arm-none-eabi-gcc -mcpu=cortex-m0 -mthumb -mfloat-abi=soft -DSTM32 -DSTM32F0 -DSTM32F051R8Tx -DSTM32F0DISCOVERY -DDEBUG -DSTM32F051 -DUSE_STDPERIPH_DRIVER -I"/home/shay/a/fu216/workspace/stm32f0_test/HW6/HW6/Utilities" -I"/home/shay/a/fu216/workspace/stm32f0_test/HW6/HW6/StdPeriph_Driver/inc" -I"/home/shay/a/fu216/workspace/stm32f0_test/HW6/HW6/inc" -I"/home/shay/a/fu216/workspace/stm32f0_test/HW6/HW6/CMSIS/device" -I"/home/shay/a/fu216/workspace/stm32f0_test/HW6/HW6/CMSIS/core" -O0 -g3 -Wall -fmessage-length=0 -ffunction-sections -c -MMD -MP -MF"StdPeriph_Driver/src/stm32f0xx_rtc.d" -MT"StdPeriph_Driver/src/stm32f0xx_rtc.o" -o "StdPeriph_Driver/src/stm32f0xx_rtc.o" "../StdPeriph_Driver/src/stm32f0xx_rtc.c"
/home/shay/a/fu216/workspace/stm32f0_test/HW6/HW6/Debug
arm-none-eabi-gcc -mcpu=cortex-m0 -mthumb -mfloat-abi=soft -DSTM32 -DSTM32F0 -DSTM32F051R8Tx -DSTM32F0DISCOVERY -DDEBUG -DSTM32F051 -DUSE_STDPERIPH_DRIVER -I"/home/shay/a/fu216/workspace/stm32f0_test/HW6/HW6/Utilities" -I"/home/shay/a/fu216/workspace/stm32f0_test/HW6/HW6/StdPeriph_Driver/inc" -I"/home/shay/a/fu216/workspace/stm32f0_test/HW6/HW6/inc" -I"/home/shay/a/fu216/workspace/stm32f0_test/HW6/HW6/CMSIS/device" -I"/home/shay/a/fu216/workspace/stm32f0_test/HW6/HW6/CMSIS/core" -O0 -g3 -Wall -fmessage-length=0 -ffunction-sections -c -MMD -MP -MF"StdPeriph_Driver/src/stm32f0xx_pwr.d" -MT"StdPeriph_Driver/src/stm32f0xx_pwr.o" -o "StdPeriph_Driver/src/stm32f0xx_pwr.o" "../StdPeriph_Driver/src/stm32f0xx_pwr.c"
Finished building: ../StdPeriph_Driver/src/stm32f0xx_flash.c
Finished building: ../StdPeriph_Driver/src/stm32f0xx_iwdg.c
 
Building file: ../StdPeriph_Driver/src/stm32f0xx_spi.c
 
Invoking: MCU GCC Compiler
/home/shay/a/fu216/workspace/stm32f0_test/HW6/HW6/Debug
Finished building: ../StdPeriph_Driver/src/stm32f0xx_gpio.c
arm-none-eabi-gcc -mcpu=cortex-m0 -mthumb -mfloat-abi=soft -DSTM32 -DSTM32F0 -DSTM32F051R8Tx -DSTM32F0DISCOVERY -DDEBUG -DSTM32F051 -DUSE_STDPERIPH_DRIVER -I"/home/shay/a/fu216/workspace/stm32f0_test/HW6/HW6/Utilities" -I"/home/shay/a/fu216/workspace/stm32f0_test/HW6/HW6/StdPeriph_Driver/inc" -I"/home/shay/a/fu216/workspace/stm32f0_test/HW6/HW6/inc" -I"/home/shay/a/fu216/workspace/stm32f0_test/HW6/HW6/CMSIS/device" -I"/home/shay/a/fu216/workspace/stm32f0_test/HW6/HW6/CMSIS/core" -O0 -g3 -Wall -fmessage-length=0 -ffunction-sections -c -MMD -MP -MF"StdPeriph_Driver/src/stm32f0xx_spi.d" -MT"StdPeriph_Driver/src/stm32f0xx_spi.o" -o "StdPeriph_Driver/src/stm32f0xx_spi.o" "../StdPeriph_Driver/src/stm32f0xx_spi.c"
 
Building file: ../StdPeriph_Driver/src/stm32f0xx_tim.c
Building file: ../StdPeriph_Driver/src/stm32f0xx_syscfg.c
Invoking: MCU GCC Compiler
/home/shay/a/fu216/workspace/stm32f0_test/HW6/HW6/Debug
arm-none-eabi-gcc -mcpu=cortex-m0 -mthumb -mfloat-abi=soft -DSTM32 -DSTM32F0 -DSTM32F051R8Tx -DSTM32F0DISCOVERY -DDEBUG -DSTM32F051 -DUSE_STDPERIPH_DRIVER -I"/home/shay/a/fu216/workspace/stm32f0_test/HW6/HW6/Utilities" -I"/home/shay/a/fu216/workspace/stm32f0_test/HW6/HW6/StdPeriph_Driver/inc" -I"/home/shay/a/fu216/workspace/stm32f0_test/HW6/HW6/inc" -I"/home/shay/a/fu216/workspace/stm32f0_test/HW6/HW6/CMSIS/device" -I"/home/shay/a/fu216/workspace/stm32f0_test/HW6/HW6/CMSIS/core" -O0 -g3 -Wall -fmessage-length=0 -ffunction-sections -c -MMD -MP -MF"StdPeriph_Driver/src/stm32f0xx_tim.d" -MT"StdPeriph_Driver/src/stm32f0xx_tim.o" -o "StdPeriph_Driver/src/stm32f0xx_tim.o" "../StdPeriph_Driver/src/stm32f0xx_tim.c"
Invoking: MCU GCC Compiler
/home/shay/a/fu216/workspace/stm32f0_test/HW6/HW6/Debug
arm-none-eabi-gcc -mcpu=cortex-m0 -mthumb -mfloat-abi=soft -DSTM32 -DSTM32F0 -DSTM32F051R8Tx -DSTM32F0DISCOVERY -DDEBUG -DSTM32F051 -DUSE_STDPERIPH_DRIVER -I"/home/shay/a/fu216/workspace/stm32f0_test/HW6/HW6/Utilities" -I"/home/shay/a/fu216/workspace/stm32f0_test/HW6/HW6/StdPeriph_Driver/inc" -I"/home/shay/a/fu216/workspace/stm32f0_test/HW6/HW6/inc" -I"/home/shay/a/fu216/workspace/stm32f0_test/HW6/HW6/CMSIS/device" -I"/home/shay/a/fu216/workspace/stm32f0_test/HW6/HW6/CMSIS/core" -O0 -g3 -Wall -fmessage-length=0 -ffunction-sections -c -MMD -MP -MF"StdPeriph_Driver/src/stm32f0xx_syscfg.d" -MT"StdPeriph_Driver/src/stm32f0xx_syscfg.o" -o "StdPeriph_Driver/src/stm32f0xx_syscfg.o" "../StdPeriph_Driver/src/stm32f0xx_syscfg.c"
Finished building: ../StdPeriph_Driver/src/stm32f0xx_i2c.c
 
Building file: ../StdPeriph_Driver/src/stm32f0xx_usart.c
Invoking: MCU GCC Compiler
/home/shay/a/fu216/workspace/stm32f0_test/HW6/HW6/Debug
arm-none-eabi-gcc -mcpu=cortex-m0 -mthumb -mfloat-abi=soft -DSTM32 -DSTM32F0 -DSTM32F051R8Tx -DSTM32F0DISCOVERY -DDEBUG -DSTM32F051 -DUSE_STDPERIPH_DRIVER -I"/home/shay/a/fu216/workspace/stm32f0_test/HW6/HW6/Utilities" -I"/home/shay/a/fu216/workspace/stm32f0_test/HW6/HW6/StdPeriph_Driver/inc" -I"/home/shay/a/fu216/workspace/stm32f0_test/HW6/HW6/inc" -I"/home/shay/a/fu216/workspace/stm32f0_test/HW6/HW6/CMSIS/device" -I"/home/shay/a/fu216/workspace/stm32f0_test/HW6/HW6/CMSIS/core" -O0 -g3 -Wall -fmessage-length=0 -ffunction-sections -c -MMD -MP -MF"StdPeriph_Driver/src/stm32f0xx_usart.d" -MT"StdPeriph_Driver/src/stm32f0xx_usart.o" -o "StdPeriph_Driver/src/stm32f0xx_usart.o" "../StdPeriph_Driver/src/stm32f0xx_usart.c"
../StdPeriph_Driver/src/stm32f0xx_rtc.c: In function 'RTC_DeInit':
../StdPeriph_Driver/src/stm32f0xx_rtc.c:311:17: warning: unused variable 'wutcounter' [-Wunused-variable]
   __IO uint32_t wutcounter = 0x00;
                 ^~~~~~~~~~
Finished building: ../StdPeriph_Driver/src/stm32f0xx_misc.c
 
Building file: ../StdPeriph_Driver/src/stm32f0xx_wwdg.c
Invoking: MCU GCC Compiler
/home/shay/a/fu216/workspace/stm32f0_test/HW6/HW6/Debug
arm-none-eabi-gcc -mcpu=cortex-m0 -mthumb -mfloat-abi=soft -DSTM32 -DSTM32F0 -DSTM32F051R8Tx -DSTM32F0DISCOVERY -DDEBUG -DSTM32F051 -DUSE_STDPERIPH_DRIVER -I"/home/shay/a/fu216/workspace/stm32f0_test/HW6/HW6/Utilities" -I"/home/shay/a/fu216/workspace/stm32f0_test/HW6/HW6/StdPeriph_Driver/inc" -I"/home/shay/a/fu216/workspace/stm32f0_test/HW6/HW6/inc" -I"/home/shay/a/fu216/workspace/stm32f0_test/HW6/HW6/CMSIS/device" -I"/home/shay/a/fu216/workspace/stm32f0_test/HW6/HW6/CMSIS/core" -O0 -g3 -Wall -fmessage-length=0 -ffunction-sections -c -MMD -MP -MF"StdPeriph_Driver/src/stm32f0xx_wwdg.d" -MT"StdPeriph_Driver/src/stm32f0xx_wwdg.o" -o "StdPeriph_Driver/src/stm32f0xx_wwdg.o" "../StdPeriph_Driver/src/stm32f0xx_wwdg.c"
Finished building: ../StdPeriph_Driver/src/stm32f0xx_pwr.c
 
Finished building: ../StdPeriph_Driver/src/stm32f0xx_rcc.c
 
Finished building: ../StdPeriph_Driver/src/stm32f0xx_spi.c
 
Finished building: ../StdPeriph_Driver/src/stm32f0xx_syscfg.c
 
Finished building: ../StdPeriph_Driver/src/stm32f0xx_rtc.c
 
Finished building: ../StdPeriph_Driver/src/stm32f0xx_usart.c
 
Finished building: ../StdPeriph_Driver/src/stm32f0xx_wwdg.c
 
Finished building: ../StdPeriph_Driver/src/stm32f0xx_tim.c
 
Building target: HW6.elf
Invoking: MCU GCC Linker
arm-none-eabi-gcc -mcpu=cortex-m0 -mthumb -mfloat-abi=soft -T"/home/shay/a/fu216/workspace/stm32f0_test/HW6/HW6/LinkerScript.ld" -Wl,-Map=output.map -Wl,--gc-sections -o "HW6.elf" @"objects.list"   -lm
src/main.o: In function `main':
/home/shay/a/fu216/workspace/stm32f0_test/HW6/HW6/Debug/../src/main.c:86: undefined reference to `setup_gipo'
makefile:36: recipe for target 'HW6.elf' failed
/home/shay/a/fu216/workspace/stm32f0_test/HW6/HW6/Debug/../src/main.c:88: undefined reference to `setup_tim6'
collect2: error: ld returned 1 exit status
make: *** [HW6.elf] Error 1
15:24:58 **** Incremental Build of configuration Debug for project HW6 ****
make -j8 all 
Building file: ../src/main.c
Invoking: MCU GCC Compiler
/home/shay/a/fu216/workspace/stm32f0_test/HW6/HW6/Debug
arm-none-eabi-gcc -mcpu=cortex-m0 -mthumb -mfloat-abi=soft -DSTM32 -DSTM32F0 -DSTM32F051R8Tx -DSTM32F0DISCOVERY -DDEBUG -DSTM32F051 -DUSE_STDPERIPH_DRIVER -I"/home/shay/a/fu216/workspace/stm32f0_test/HW6/HW6/Utilities" -I"/home/shay/a/fu216/workspace/stm32f0_test/HW6/HW6/StdPeriph_Driver/inc" -I"/home/shay/a/fu216/workspace/stm32f0_test/HW6/HW6/inc" -I"/home/shay/a/fu216/workspace/stm32f0_test/HW6/HW6/CMSIS/device" -I"/home/shay/a/fu216/workspace/stm32f0_test/HW6/HW6/CMSIS/core" -O0 -g3 -Wall -fmessage-length=0 -ffunction-sections -c -MMD -MP -MF"src/main.d" -MT"src/main.o" -o "src/main.o" "../src/main.c"
../src/main.c: In function 'main':
../src/main.c:85:2: warning: implicit declaration of function 'init_wavetable'; did you mean 'initstate'? [-Wimplicit-function-declaration]
  init_wavetable();
  ^~~~~~~~~~~~~~
  initstate
../src/main.c: In function 'read_adc_channel':
../src/main.c:66:1: warning: control reaches end of non-void function [-Wreturn-type]
 }
 ^
Finished building: ../src/main.c
 
Building target: HW6.elf
Invoking: MCU GCC Linker
arm-none-eabi-gcc -mcpu=cortex-m0 -mthumb -mfloat-abi=soft -T"/home/shay/a/fu216/workspace/stm32f0_test/HW6/HW6/LinkerScript.ld" -Wl,-Map=output.map -Wl,--gc-sections -o "HW6.elf" @"objects.list"   -lm
Finished building target: HW6.elf
 
make --no-print-directory post-build
Generating binary and Printing size information:
arm-none-eabi-objcopy -O binary "HW6.elf" "HW6.bin"
arm-none-eabi-size "HW6.elf"
   text	   data	    bss	    dec	    hex	filename
  14864	   1088	   2196	  18148	   46e4	HW6.elf
 
15:25:06 **** Incremental Build of configuration Debug for project HW6 ****
make -j8 all 
make: Nothing to be done for 'all'.
15:36:12 **** Incremental Build of configuration Debug for project HW6 ****
make -j8 all 
Building file: ../src/main.c
Invoking: MCU GCC Compiler
/home/shay/a/fu216/workspace/stm32f0_test/HW6/HW6/Debug
arm-none-eabi-gcc -mcpu=cortex-m0 -mthumb -mfloat-abi=soft -DSTM32 -DSTM32F0 -DSTM32F051R8Tx -DSTM32F0DISCOVERY -DDEBUG -DSTM32F051 -DUSE_STDPERIPH_DRIVER -I"/home/shay/a/fu216/workspace/stm32f0_test/HW6/HW6/Utilities" -I"/home/shay/a/fu216/workspace/stm32f0_test/HW6/HW6/StdPeriph_Driver/inc" -I"/home/shay/a/fu216/workspace/stm32f0_test/HW6/HW6/inc" -I"/home/shay/a/fu216/workspace/stm32f0_test/HW6/HW6/CMSIS/device" -I"/home/shay/a/fu216/workspace/stm32f0_test/HW6/HW6/CMSIS/core" -O0 -g3 -Wall -fmessage-length=0 -ffunction-sections -c -MMD -MP -MF"src/main.d" -MT"src/main.o" -o "src/main.o" "../src/main.c"
../src/main.c: In function 'main':
../src/main.c:96:2: warning: implicit declaration of function 'init_wavetable'; did you mean 'initstate'? [-Wimplicit-function-declaration]
  init_wavetable();
  ^~~~~~~~~~~~~~
  initstate
../src/main.c: In function 'read_adc_channel':
../src/main.c:68:1: warning: control reaches end of non-void function [-Wreturn-type]
 }
 ^
Finished building: ../src/main.c
 
Building target: HW6.elf
Invoking: MCU GCC Linker
arm-none-eabi-gcc -mcpu=cortex-m0 -mthumb -mfloat-abi=soft -T"/home/shay/a/fu216/workspace/stm32f0_test/HW6/HW6/LinkerScript.ld" -Wl,-Map=output.map -Wl,--gc-sections -o "HW6.elf" @"objects.list"   -lm
Finished building target: HW6.elf
 
make --no-print-directory post-build
Generating binary and Printing size information:
arm-none-eabi-objcopy -O binary "HW6.elf" "HW6.bin"
arm-none-eabi-size "HW6.elf"
   text	   data	    bss	    dec	    hex	filename
  14928	   1088	   2204	  18220	   472c	HW6.elf
 
15:46:15 **** Incremental Build of configuration Debug for project HW6 ****
make -j8 all 
Building file: ../src/main.c
Invoking: MCU GCC Compiler
/home/shay/a/fu216/workspace/stm32f0_test/HW6/HW6/Debug
arm-none-eabi-gcc -mcpu=cortex-m0 -mthumb -mfloat-abi=soft -DSTM32 -DSTM32F0 -DSTM32F051R8Tx -DSTM32F0DISCOVERY -DDEBUG -DSTM32F051 -DUSE_STDPERIPH_DRIVER -I"/home/shay/a/fu216/workspace/stm32f0_test/HW6/HW6/Utilities" -I"/home/shay/a/fu216/workspace/stm32f0_test/HW6/HW6/StdPeriph_Driver/inc" -I"/home/shay/a/fu216/workspace/stm32f0_test/HW6/HW6/inc" -I"/home/shay/a/fu216/workspace/stm32f0_test/HW6/HW6/CMSIS/device" -I"/home/shay/a/fu216/workspace/stm32f0_test/HW6/HW6/CMSIS/core" -O0 -g3 -Wall -fmessage-length=0 -ffunction-sections -c -MMD -MP -MF"src/main.d" -MT"src/main.o" -o "src/main.o" "../src/main.c"
../src/main.c: In function 'main':
../src/main.c:100:2: warning: implicit declaration of function 'init_wavetable'; did you mean 'initstate'? [-Wimplicit-function-declaration]
  init_wavetable();
  ^~~~~~~~~~~~~~
  initstate
../src/main.c: In function 'read_adc_channel':
../src/main.c:72:1: warning: control reaches end of non-void function [-Wreturn-type]
 }
 ^
Finished building: ../src/main.c
 
Building target: HW6.elf
Invoking: MCU GCC Linker
arm-none-eabi-gcc -mcpu=cortex-m0 -mthumb -mfloat-abi=soft -T"/home/shay/a/fu216/workspace/stm32f0_test/HW6/HW6/LinkerScript.ld" -Wl,-Map=output.map -Wl,--gc-sections -o "HW6.elf" @"objects.list"   -lm
Finished building target: HW6.elf
 
make --no-print-directory post-build
Generating binary and Printing size information:
arm-none-eabi-objcopy -O binary "HW6.elf" "HW6.bin"
arm-none-eabi-size "HW6.elf"
   text	   data	    bss	    dec	    hex	filename
  14928	   1088	   2204	  18220	   472c	HW6.elf
 
15:46:19 **** Incremental Build of configuration Debug for project HW6 ****
make -j8 all 
Building file: ../src/main.c
Invoking: MCU GCC Compiler
/home/shay/a/fu216/workspace/stm32f0_test/HW6/HW6/Debug
arm-none-eabi-gcc -mcpu=cortex-m0 -mthumb -mfloat-abi=soft -DSTM32 -DSTM32F0 -DSTM32F051R8Tx -DSTM32F0DISCOVERY -DDEBUG -DSTM32F051 -DUSE_STDPERIPH_DRIVER -I"/home/shay/a/fu216/workspace/stm32f0_test/HW6/HW6/Utilities" -I"/home/shay/a/fu216/workspace/stm32f0_test/HW6/HW6/StdPeriph_Driver/inc" -I"/home/shay/a/fu216/workspace/stm32f0_test/HW6/HW6/inc" -I"/home/shay/a/fu216/workspace/stm32f0_test/HW6/HW6/CMSIS/device" -I"/home/shay/a/fu216/workspace/stm32f0_test/HW6/HW6/CMSIS/core" -O0 -g3 -Wall -fmessage-length=0 -ffunction-sections -c -MMD -MP -MF"src/main.d" -MT"src/main.o" -o "src/main.o" "../src/main.c"
../src/main.c: In function 'main':
../src/main.c:103:2: warning: implicit declaration of function 'init_wavetable'; did you mean 'initstate'? [-Wimplicit-function-declaration]
  init_wavetable();
  ^~~~~~~~~~~~~~
  initstate
../src/main.c: In function 'read_adc_channel':
../src/main.c:75:1: warning: control reaches end of non-void function [-Wreturn-type]
 }
 ^
Finished building: ../src/main.c
 
Building target: HW6.elf
Invoking: MCU GCC Linker
arm-none-eabi-gcc -mcpu=cortex-m0 -mthumb -mfloat-abi=soft -T"/home/shay/a/fu216/workspace/stm32f0_test/HW6/HW6/LinkerScript.ld" -Wl,-Map=output.map -Wl,--gc-sections -o "HW6.elf" @"objects.list"   -lm
Finished building target: HW6.elf
 
make --no-print-directory post-build
Generating binary and Printing size information:
arm-none-eabi-objcopy -O binary "HW6.elf" "HW6.bin"
arm-none-eabi-size "HW6.elf"
   text	   data	    bss	    dec	    hex	filename
  14928	   1088	   2204	  18220	   472c	HW6.elf
 
16:07:04 **** Incremental Build of configuration Debug for project HW6 ****
make -j8 all 
Building file: ../src/main.c
Invoking: MCU GCC Compiler
/home/shay/a/fu216/workspace/stm32f0_test/HW6/HW6/Debug
arm-none-eabi-gcc -mcpu=cortex-m0 -mthumb -mfloat-abi=soft -DSTM32 -DSTM32F0 -DSTM32F051R8Tx -DSTM32F0DISCOVERY -DDEBUG -DSTM32F051 -DUSE_STDPERIPH_DRIVER -I"/home/shay/a/fu216/workspace/stm32f0_test/HW6/HW6/Utilities" -I"/home/shay/a/fu216/workspace/stm32f0_test/HW6/HW6/StdPeriph_Driver/inc" -I"/home/shay/a/fu216/workspace/stm32f0_test/HW6/HW6/inc" -I"/home/shay/a/fu216/workspace/stm32f0_test/HW6/HW6/CMSIS/device" -I"/home/shay/a/fu216/workspace/stm32f0_test/HW6/HW6/CMSIS/core" -O0 -g3 -Wall -fmessage-length=0 -ffunction-sections -c -MMD -MP -MF"src/main.d" -MT"src/main.o" -o "src/main.o" "../src/main.c"
../src/main.c: In function 'main':
../src/main.c:109:2: warning: implicit declaration of function 'init_wavetable'; did you mean 'initstate'? [-Wimplicit-function-declaration]
  init_wavetable();
  ^~~~~~~~~~~~~~
  initstate
Finished building: ../src/main.c
 
Building target: HW6.elf
Invoking: MCU GCC Linker
arm-none-eabi-gcc -mcpu=cortex-m0 -mthumb -mfloat-abi=soft -T"/home/shay/a/fu216/workspace/stm32f0_test/HW6/HW6/LinkerScript.ld" -Wl,-Map=output.map -Wl,--gc-sections -o "HW6.elf" @"objects.list"   -lm
Finished building target: HW6.elf
 
make --no-print-directory post-build
Generating binary and Printing size information:
arm-none-eabi-objcopy -O binary "HW6.elf" "HW6.bin"
arm-none-eabi-size "HW6.elf"
   text	   data	    bss	    dec	    hex	filename
  14928	   1088	   2204	  18220	   472c	HW6.elf
 
16:11:55 **** Incremental Build of configuration Debug for project HW6 ****
make -j8 all 
Building file: ../src/main.c
Invoking: MCU GCC Compiler
/home/shay/a/fu216/workspace/stm32f0_test/HW6/HW6/Debug
arm-none-eabi-gcc -mcpu=cortex-m0 -mthumb -mfloat-abi=soft -DSTM32 -DSTM32F0 -DSTM32F051R8Tx -DSTM32F0DISCOVERY -DDEBUG -DSTM32F051 -DUSE_STDPERIPH_DRIVER -I"/home/shay/a/fu216/workspace/stm32f0_test/HW6/HW6/Utilities" -I"/home/shay/a/fu216/workspace/stm32f0_test/HW6/HW6/StdPeriph_Driver/inc" -I"/home/shay/a/fu216/workspace/stm32f0_test/HW6/HW6/inc" -I"/home/shay/a/fu216/workspace/stm32f0_test/HW6/HW6/CMSIS/device" -I"/home/shay/a/fu216/workspace/stm32f0_test/HW6/HW6/CMSIS/core" -O0 -g3 -Wall -fmessage-length=0 -ffunction-sections -c -MMD -MP -MF"src/main.d" -MT"src/main.o" -o "src/main.o" "../src/main.c"
../src/main.c: In function 'main':
../src/main.c:111:2: warning: implicit declaration of function 'init_wavetable'; did you mean 'initstate'? [-Wimplicit-function-declaration]
  init_wavetable();
  ^~~~~~~~~~~~~~
  initstate
Finished building: ../src/main.c
 
Building target: HW6.elf
Invoking: MCU GCC Linker
arm-none-eabi-gcc -mcpu=cortex-m0 -mthumb -mfloat-abi=soft -T"/home/shay/a/fu216/workspace/stm32f0_test/HW6/HW6/LinkerScript.ld" -Wl,-Map=output.map -Wl,--gc-sections -o "HW6.elf" @"objects.list"   -lm
Finished building target: HW6.elf
 
make --no-print-directory post-build
Generating binary and Printing size information:
arm-none-eabi-objcopy -O binary "HW6.elf" "HW6.bin"
arm-none-eabi-size "HW6.elf"
   text	   data	    bss	    dec	    hex	filename
  15112	   1088	   2204	  18404	   47e4	HW6.elf
 
16:11:56 **** Incremental Build of configuration Debug for project HW6 ****
make -j8 all 
make: Nothing to be done for 'all'.
16:13:10 **** Incremental Build of configuration Debug for project HW6 ****
make -j8 all 
Building file: ../src/main.c
Invoking: MCU GCC Compiler
/home/shay/a/fu216/workspace/stm32f0_test/HW6/HW6/Debug
arm-none-eabi-gcc -mcpu=cortex-m0 -mthumb -mfloat-abi=soft -DSTM32 -DSTM32F0 -DSTM32F051R8Tx -DSTM32F0DISCOVERY -DDEBUG -DSTM32F051 -DUSE_STDPERIPH_DRIVER -I"/home/shay/a/fu216/workspace/stm32f0_test/HW6/HW6/Utilities" -I"/home/shay/a/fu216/workspace/stm32f0_test/HW6/HW6/StdPeriph_Driver/inc" -I"/home/shay/a/fu216/workspace/stm32f0_test/HW6/HW6/inc" -I"/home/shay/a/fu216/workspace/stm32f0_test/HW6/HW6/CMSIS/device" -I"/home/shay/a/fu216/workspace/stm32f0_test/HW6/HW6/CMSIS/core" -O0 -g3 -Wall -fmessage-length=0 -ffunction-sections -c -MMD -MP -MF"src/main.d" -MT"src/main.o" -o "src/main.o" "../src/main.c"
../src/main.c: In function 'main':
../src/main.c:111:2: warning: implicit declaration of function 'init_wavetable'; did you mean 'initstate'? [-Wimplicit-function-declaration]
  init_wavetable();
  ^~~~~~~~~~~~~~
  initstate
Finished building: ../src/main.c
 
Building target: HW6.elf
Invoking: MCU GCC Linker
arm-none-eabi-gcc -mcpu=cortex-m0 -mthumb -mfloat-abi=soft -T"/home/shay/a/fu216/workspace/stm32f0_test/HW6/HW6/LinkerScript.ld" -Wl,-Map=output.map -Wl,--gc-sections -o "HW6.elf" @"objects.list"   -lm
Finished building target: HW6.elf
 
make --no-print-directory post-build
Generating binary and Printing size information:
arm-none-eabi-objcopy -O binary "HW6.elf" "HW6.bin"
arm-none-eabi-size "HW6.elf"
   text	   data	    bss	    dec	    hex	filename
  15168	   1088	   2204	  18460	   481c	HW6.elf
 
16:13:21 **** Incremental Build of configuration Debug for project HW6 ****
make -j8 all 
make: Nothing to be done for 'all'.
16:13:22 **** Incremental Build of configuration Debug for project HW6 ****
make -j8 all 
make: Nothing to be done for 'all'.
16:14:39 **** Incremental Build of configuration Debug for project HW6 ****
make -j8 all 
Building file: ../src/main.c
Invoking: MCU GCC Compiler
/home/shay/a/fu216/workspace/stm32f0_test/HW6/HW6/Debug
arm-none-eabi-gcc -mcpu=cortex-m0 -mthumb -mfloat-abi=soft -DSTM32 -DSTM32F0 -DSTM32F051R8Tx -DSTM32F0DISCOVERY -DDEBUG -DSTM32F051 -DUSE_STDPERIPH_DRIVER -I"/home/shay/a/fu216/workspace/stm32f0_test/HW6/HW6/Utilities" -I"/home/shay/a/fu216/workspace/stm32f0_test/HW6/HW6/StdPeriph_Driver/inc" -I"/home/shay/a/fu216/workspace/stm32f0_test/HW6/HW6/inc" -I"/home/shay/a/fu216/workspace/stm32f0_test/HW6/HW6/CMSIS/device" -I"/home/shay/a/fu216/workspace/stm32f0_test/HW6/HW6/CMSIS/core" -O0 -g3 -Wall -fmessage-length=0 -ffunction-sections -c -MMD -MP -MF"src/main.d" -MT"src/main.o" -o "src/main.o" "../src/main.c"
../src/main.c: In function 'main':
../src/main.c:111:2: warning: implicit declaration of function 'init_wavetable'; did you mean 'initstate'? [-Wimplicit-function-declaration]
  init_wavetable();
  ^~~~~~~~~~~~~~
  initstate
Finished building: ../src/main.c
 
Building target: HW6.elf
Invoking: MCU GCC Linker
arm-none-eabi-gcc -mcpu=cortex-m0 -mthumb -mfloat-abi=soft -T"/home/shay/a/fu216/workspace/stm32f0_test/HW6/HW6/LinkerScript.ld" -Wl,-Map=output.map -Wl,--gc-sections -o "HW6.elf" @"objects.list"   -lm
Finished building target: HW6.elf
 
make --no-print-directory post-build
Generating binary and Printing size information:
arm-none-eabi-objcopy -O binary "HW6.elf" "HW6.bin"
arm-none-eabi-size "HW6.elf"
   text	   data	    bss	    dec	    hex	filename
  15264	   1088	   2204	  18556	   487c	HW6.elf
 
