16:14:39 **** Incremental Build of configuration Debug for project HW6 ****
make -j8 all 
Building file: ../src/main.c
Invoking: MCU GCC Compiler
/home/shay/a/fu216/workspace/stm32f0_test/HW6/HW6/Debug
arm-none-eabi-gcc -mcpu=cortex-m0 -mthumb -mfloat-abi=soft -DSTM32 -DSTM32F0 -DSTM32F051R8Tx -DSTM32F0DISCOVERY -DDEBUG -DSTM32F051 -DUSE_STDPERIPH_DRIVER -I"/home/shay/a/fu216/workspace/stm32f0_test/HW6/HW6/Utilities" -I"/home/shay/a/fu216/workspace/stm32f0_test/HW6/HW6/StdPeriph_Driver/inc" -I"/home/shay/a/fu216/workspace/stm32f0_test/HW6/HW6/inc" -I"/home/shay/a/fu216/workspace/stm32f0_test/HW6/HW6/CMSIS/device" -I"/home/shay/a/fu216/workspace/stm32f0_test/HW6/HW6/CMSIS/core" -O0 -g3 -Wall -fmessage-length=0 -ffunction-sections -c -MMD -MP -MF"src/main.d" -MT"src/main.o" -o "src/main.o" "../src/main.c"
../src/main.c: In function 'main':
../src/main.c:111:2: warning: implicit declaration of function 'init_wavetable'; did you mean 'initstate'? [-Wimplicit-function-declaration]
  init_wavetable();
  ^~~~~~~~~~~~~~
  initstate
Finished building: ../src/main.c
 
Building target: HW6.elf
Invoking: MCU GCC Linker
arm-none-eabi-gcc -mcpu=cortex-m0 -mthumb -mfloat-abi=soft -T"/home/shay/a/fu216/workspace/stm32f0_test/HW6/HW6/LinkerScript.ld" -Wl,-Map=output.map -Wl,--gc-sections -o "HW6.elf" @"objects.list"   -lm
Finished building target: HW6.elf
 
make --no-print-directory post-build
Generating binary and Printing size information:
arm-none-eabi-objcopy -O binary "HW6.elf" "HW6.bin"
arm-none-eabi-size "HW6.elf"
   text	   data	    bss	    dec	    hex	filename
  15264	   1088	   2204	  18556	   487c	HW6.elf
 

16:14:39 Build Finished (took 719ms)

