Archive member included to satisfy reference by file (symbol)

d:/ac6_system_workbench/plugins/fr.ac6.mcu.externaltools.arm-none.win32_1.17.0.201812190825/tools/compiler/bin/../lib/gcc/arm-none-eabi/7.3.1/../../../../arm-none-eabi/lib/thumb/v6-m\libm.a(lib_a-s_sin.o)
                              src/main.o (sin)
d:/ac6_system_workbench/plugins/fr.ac6.mcu.externaltools.arm-none.win32_1.17.0.201812190825/tools/compiler/bin/../lib/gcc/arm-none-eabi/7.3.1/../../../../arm-none-eabi/lib/thumb/v6-m\libm.a(lib_a-w_pow.o)
                              src/main.o (pow)
d:/ac6_system_workbench/plugins/fr.ac6.mcu.externaltools.arm-none.win32_1.17.0.201812190825/tools/compiler/bin/../lib/gcc/arm-none-eabi/7.3.1/../../../../arm-none-eabi/lib/thumb/v6-m\libm.a(lib_a-e_pow.o)
                              d:/ac6_system_workbench/plugins/fr.ac6.mcu.externaltools.arm-none.win32_1.17.0.201812190825/tools/compiler/bin/../lib/gcc/arm-none-eabi/7.3.1/../../../../arm-none-eabi/lib/thumb/v6-m\libm.a(lib_a-w_pow.o) (__ieee754_pow)
d:/ac6_system_workbench/plugins/fr.ac6.mcu.externaltools.arm-none.win32_1.17.0.201812190825/tools/compiler/bin/../lib/gcc/arm-none-eabi/7.3.1/../../../../arm-none-eabi/lib/thumb/v6-m\libm.a(lib_a-e_rem_pio2.o)
                              d:/ac6_system_workbench/plugins/fr.ac6.mcu.externaltools.arm-none.win32_1.17.0.201812190825/tools/compiler/bin/../lib/gcc/arm-none-eabi/7.3.1/../../../../arm-none-eabi/lib/thumb/v6-m\libm.a(lib_a-s_sin.o) (__ieee754_rem_pio2)
d:/ac6_system_workbench/plugins/fr.ac6.mcu.externaltools.arm-none.win32_1.17.0.201812190825/tools/compiler/bin/../lib/gcc/arm-none-eabi/7.3.1/../../../../arm-none-eabi/lib/thumb/v6-m\libm.a(lib_a-e_sqrt.o)
                              d:/ac6_system_workbench/plugins/fr.ac6.mcu.externaltools.arm-none.win32_1.17.0.201812190825/tools/compiler/bin/../lib/gcc/arm-none-eabi/7.3.1/../../../../arm-none-eabi/lib/thumb/v6-m\libm.a(lib_a-e_pow.o) (__ieee754_sqrt)
d:/ac6_system_workbench/plugins/fr.ac6.mcu.externaltools.arm-none.win32_1.17.0.201812190825/tools/compiler/bin/../lib/gcc/arm-none-eabi/7.3.1/../../../../arm-none-eabi/lib/thumb/v6-m\libm.a(lib_a-k_cos.o)
                              d:/ac6_system_workbench/plugins/fr.ac6.mcu.externaltools.arm-none.win32_1.17.0.201812190825/tools/compiler/bin/../lib/gcc/arm-none-eabi/7.3.1/../../../../arm-none-eabi/lib/thumb/v6-m\libm.a(lib_a-s_sin.o) (__kernel_cos)
d:/ac6_system_workbench/plugins/fr.ac6.mcu.externaltools.arm-none.win32_1.17.0.201812190825/tools/compiler/bin/../lib/gcc/arm-none-eabi/7.3.1/../../../../arm-none-eabi/lib/thumb/v6-m\libm.a(lib_a-k_rem_pio2.o)
                              d:/ac6_system_workbench/plugins/fr.ac6.mcu.externaltools.arm-none.win32_1.17.0.201812190825/tools/compiler/bin/../lib/gcc/arm-none-eabi/7.3.1/../../../../arm-none-eabi/lib/thumb/v6-m\libm.a(lib_a-e_rem_pio2.o) (__kernel_rem_pio2)
d:/ac6_system_workbench/plugins/fr.ac6.mcu.externaltools.arm-none.win32_1.17.0.201812190825/tools/compiler/bin/../lib/gcc/arm-none-eabi/7.3.1/../../../../arm-none-eabi/lib/thumb/v6-m\libm.a(lib_a-k_sin.o)
                              d:/ac6_system_workbench/plugins/fr.ac6.mcu.externaltools.arm-none.win32_1.17.0.201812190825/tools/compiler/bin/../lib/gcc/arm-none-eabi/7.3.1/../../../../arm-none-eabi/lib/thumb/v6-m\libm.a(lib_a-s_sin.o) (__kernel_sin)
d:/ac6_system_workbench/plugins/fr.ac6.mcu.externaltools.arm-none.win32_1.17.0.201812190825/tools/compiler/bin/../lib/gcc/arm-none-eabi/7.3.1/../../../../arm-none-eabi/lib/thumb/v6-m\libm.a(lib_a-s_fabs.o)
                              d:/ac6_system_workbench/plugins/fr.ac6.mcu.externaltools.arm-none.win32_1.17.0.201812190825/tools/compiler/bin/../lib/gcc/arm-none-eabi/7.3.1/../../../../arm-none-eabi/lib/thumb/v6-m\libm.a(lib_a-e_pow.o) (fabs)
d:/ac6_system_workbench/plugins/fr.ac6.mcu.externaltools.arm-none.win32_1.17.0.201812190825/tools/compiler/bin/../lib/gcc/arm-none-eabi/7.3.1/../../../../arm-none-eabi/lib/thumb/v6-m\libm.a(lib_a-s_finite.o)
                              d:/ac6_system_workbench/plugins/fr.ac6.mcu.externaltools.arm-none.win32_1.17.0.201812190825/tools/compiler/bin/../lib/gcc/arm-none-eabi/7.3.1/../../../../arm-none-eabi/lib/thumb/v6-m\libm.a(lib_a-w_pow.o) (finite)
d:/ac6_system_workbench/plugins/fr.ac6.mcu.externaltools.arm-none.win32_1.17.0.201812190825/tools/compiler/bin/../lib/gcc/arm-none-eabi/7.3.1/../../../../arm-none-eabi/lib/thumb/v6-m\libm.a(lib_a-s_floor.o)
                              d:/ac6_system_workbench/plugins/fr.ac6.mcu.externaltools.arm-none.win32_1.17.0.201812190825/tools/compiler/bin/../lib/gcc/arm-none-eabi/7.3.1/../../../../arm-none-eabi/lib/thumb/v6-m\libm.a(lib_a-k_rem_pio2.o) (floor)
d:/ac6_system_workbench/plugins/fr.ac6.mcu.externaltools.arm-none.win32_1.17.0.201812190825/tools/compiler/bin/../lib/gcc/arm-none-eabi/7.3.1/../../../../arm-none-eabi/lib/thumb/v6-m\libm.a(lib_a-s_lib_ver.o)
[...]
Memory Configuration

Name             Origin             Length             Attributes
FLASH            0x08000000         0x00010000         xr
RAM              0x20000000         0x00002000         xrw
*default*        0x00000000         0xffffffff

Linker script and memory map

LOAD d:/ac6_system_workbench/plugins/fr.ac6.mcu.externaltools.arm-none.win32_1.17.0.201812190825/tools/compiler/bin/../lib/gcc/arm-none-eabi/7.3.1/thumb/v6-m/crti.o
LOAD d:/ac6_system_workbench/plugins/fr.ac6.mcu.externaltools.arm-none.win32_1.17.0.201812190825/tools/compiler/bin/../lib/gcc/arm-none-eabi/7.3.1/thumb/v6-m/crtbegin.o
LOAD d:/ac6_system_workbench/plugins/fr.ac6.mcu.externaltools.arm-none.win32_1.17.0.201812190825/tools/compiler/bin/../lib/gcc/arm-none-eabi/7.3.1/../../../../arm-none-eabi/lib/thumb/v6-m/crt0.o
LOAD StdPeriph_Driver/src/stm32f0xx_adc.o
LOAD StdPeriph_Driver/src/stm32f0xx_cec.o
LOAD StdPeriph_Driver/src/stm32f0xx_comp.o
LOAD StdPeriph_Driver/src/stm32f0xx_crc.o
LOAD StdPeriph_Driver/src/stm32f0xx_dac.o
LOAD StdPeriph_Driver/src/stm32f0xx_dbgmcu.o
LOAD StdPeriph_Driver/src/stm32f0xx_dma.o
LOAD StdPeriph_Driver/src/stm32f0xx_exti.o
LOAD StdPeriph_Driver/src/stm32f0xx_flash.o
LOAD StdPeriph_Driver/src/stm32f0xx_gpio.o
LOAD StdPeriph_Driver/src/stm32f0xx_i2c.o
LOAD StdPeriph_Driver/src/stm32f0xx_iwdg.o
LOAD StdPeriph_Driver/src/stm32f0xx_misc.o
LOAD StdPeriph_Driver/src/stm32f0xx_pwr.o
LOAD StdPeriph_Driver/src/stm32f0xx_rcc.o
LOAD StdPeriph_Driver/src/stm32f0xx_rtc.o
LOAD StdPeriph_Driver/src/stm32f0xx_spi.o
LOAD StdPeriph_Driver/src/stm32f0xx_syscfg.o
LOAD StdPeriph_Driver/src/stm32f0xx_tim.o
LOAD StdPeriph_Driver/src/stm32f0xx_usart.o
LOAD StdPeriph_Driver/src/stm32f0xx_wwdg.o
LOAD Utilities/stm32f0_discovery.o
LOAD src/main.o
LOAD src/maple-leaf-rag.o
LOAD src/midi.o
LOAD src/syscalls.o
LOAD src/system_stm32f0xx.o
LOAD startup/startup_stm32f0xx.o
LOAD d:/ac6_system_workbench/plugins/fr.ac6.mcu.externaltools.arm-none.win32_1.17.0.201812190825/tools/compiler/bin/../lib/gcc/arm-none-eabi/7.3.1/../../../../arm-none-eabi/lib/thumb/v6-m\libm.a
START GROUP
LOAD d:/ac6_system_workbench/plugins/fr.ac6.mcu.externaltools.arm-none.win32_1.17.0.201812190825/tools/compiler/bin/../lib/gcc/arm-none-eabi/7.3.1/thumb/v6-m\libgcc.a
LOAD d:/ac6_system_workbench/plugins/fr.ac6.mcu.externaltools.arm-none.win32_1.17.0.201812190825/tools/compiler/bin/../lib/gcc/arm-none-eabi/7.3.1/../../../../arm-none-eabi/lib/thumb/v6-m\libc.a
END GROUP
LOAD d:/ac6_system_workbench/plugins/fr.ac6.mcu.externaltools.arm-none.win32_1.17.0.201812190825/tools/compiler/bin/../lib/gcc/arm-none-eabi/7.3.1/thumb/v6-m/crtend.o
LOAD d:/ac6_system_workbench/plugins/fr.ac6.mcu.externaltools.arm-none.win32_1.17.0.201812190825/tools/compiler/bin/../lib/gcc/arm-none-eabi/7.3.1/thumb/v6-m/crtn.o
                0x20002000                _estack = 0x20002000
                0x00000000                _Min_Heap_Size = 0x0
                0x00000080                _Min_Stack_Size = 0x80

.isr_vector     0x08000000       0xc4
                0x08000000                . = ALIGN (0x4)
 *(.isr_vector)
 .isr_vector    0x08000000       0xc4 startup/startup_stm32f0xx.o
                0x08000000                g_pfnVectors
                0x080000c4                . = ALIGN (0x4)

.text           0x080000c8     0xa8fc
                0x080000c8                . = ALIGN (0x4)
 *(.text)
 .text          0x080000c8       0x48 d:/ac6_system_workbench/plugins/fr.ac6.mcu.externaltools.arm-none.win32_1.17.0.201812190825/tools/compiler/bin/../lib/gcc/arm-none-eabi/7.3.1/thumb/v6-m/crtbegin.o
 .text          0x08000110      0x114 d:/ac6_system_workbench/plugins/fr.ac6.mcu.externaltools.arm-none.win32_1.17.0.201812190825/tools/compiler/bin/../lib/gcc/arm-none-eabi/7.3.1/thumb/v6-m\libgcc.a(_udivsi3.o)
                0x08000110                __aeabi_uidiv
                0x08000110                __udivsi3
                0x0800021c                __aeabi_uidivmod
 .text          0x08000224      0x1d4 d:/ac6_system_workbench/plugins/fr.ac6.mcu.externaltools.arm-none.win32_1.17.0.201812190825/tools/compiler/bin/../lib/gcc/arm-none-eabi/7.3.1/thumb/v6-m\libgcc.a(_divsi3.o)
                0x08000224                __divsi3
                0x08000224                __aeabi_idiv
                0x080003f0                __aeabi_idivmod
 .text          0x080003f8        0x4 d:/ac6_system_workbench/plugins/fr.ac6.mcu.externaltools.arm-none.win32_1.17.0.201812190825/tools/compiler/bin/../lib/gcc/arm-none-eabi/7.3.1/thumb/v6-m\libgcc.a(_dvmd_tls.o)
                0x080003f8                __aeabi_idiv0
                0x080003f8                __aeabi_ldiv0
 .text          0x080003fc       0x7c d:/ac6_system_workbench/plugins/fr.ac6.mcu.externaltools.arm-none.win32_1.17.0.201812190825/tools/compiler/bin/../lib/gcc/arm-none-eabi/7.3.1/thumb/v6-m\libgcc.a(_arm_cmpdf2.o)
                0x080003fc                __aeabi_cdrcmple
                0x0800040c                __aeabi_cdcmple
                0x0800040c                __aeabi_cdcmpeq
                0x0800041c                __aeabi_dcmpeq
                0x08000428                __aeabi_dcmplt
                0x0800043c                __aeabi_dcmple
                0x08000450                __aeabi_dcmpgt
                0x08000464                __aeabi_dcmpge
 .text          0x08000478      0x264 d:/ac6_system_workbench/plugins/fr.ac6.mcu.externaltools.arm-none.win32_1.17.0.201812190825/tools/compiler/bin/../lib/gcc/arm-none-eabi/7.3.1/thumb/v6-m\libgcc.a(mulsf3.o)
                0x08000478                __aeabi_fmul
 .text          0x080006dc       0x40 d:/ac6_system_workbench/plugins/fr.ac6.mcu.externaltools.arm-none.win32_1.17.0.201812190825/tools/compiler/bin/../lib/gcc/arm-none-eabi/7.3.1/thumb/v6-m\libgcc.a(fixsfsi.o)
                0x080006dc                __aeabi_f2iz
 .text          0x0800071c       0x94 d:/ac6_system_workbench/plugins/fr.ac6.mcu.externaltools.arm-none.win32_1.17.0.201812190825/tools/compiler/bin/../lib/gcc/arm-none-eabi/7.3.1/thumb/v6-m\libgcc.a(floatsisf.o)
                0x0800071c                __aeabi_i2f
 .text          0x080007b0      0x638 d:/ac6_system_workbench/plugins/fr.ac6.mcu.externaltools.arm-none.win32_1.17.0.201812190825/tools/compiler/bin/../lib/gcc/arm-none-eabi/7.3.1/thumb/v6-m\libgcc.a(adddf3.o)
                0x080007b0                __aeabi_dadd
 .text          0x08000de8      0x604 d:/ac6_system_workbench/plugins/fr.ac6.mcu.externaltools.arm-none.win32_1.17.0.201812190825/tools/compiler/bin/../lib/gcc/arm-none-eabi/7.3.1/thumb/v6-m\libgcc.a(divdf3.o)
                0x08000de8                __aeabi_ddiv
 .text          0x080013ec       0x78 d:/ac6_system_workbench/plugins/fr.ac6.mcu.externaltools.arm-none.win32_1.17.0.201812190825/tools/compiler/bin/../lib/gcc/arm-none-eabi/7.3.1/thumb/v6-m\libgcc.a(eqdf2.o)
                0x080013ec                __nedf2
                0x080013ec                __eqdf2
 .text          0x08001464       0xc8 d:/ac6_system_workbench/plugins/fr.ac6.mcu.externaltools.arm-none.win32_1.17.0.201812190825/tools/compiler/bin/../lib/gcc/arm-none-eabi/7.3.1/thumb/v6-m\libgcc.a(gedf2.o)
                0x08001464                __gedf2
                0x08001464                __gtdf2
 .text          0x0800152c       0xd0 d:/ac6_system_workbench/plugins/fr.ac6.mcu.externaltools.arm-none.win32_1.17.0.201812190825/tools/compiler/bin/../lib/gcc/arm-none-eabi/7.3.1/thumb/v6-m\libgcc.a(ledf2.o)
                0x0800152c                __ledf2
                0x0800152c                __ltdf2
 .text          0x080015fc      0x4e4 d:/ac6_system_workbench/plugins/fr.ac6.mcu.externaltools.arm-none.win32_1.17.0.201812190825/tools/compiler/bin/../lib/gcc/arm-none-eabi/7.3.1/thumb/v6-m\libgcc.a(muldf3.o)
                0x080015fc                __aeabi_dmul
 .text          0x08001ae0      0x690 d:/ac6_system_workbench/plugins/fr.ac6.mcu.externaltools.arm-none.win32_1.17.0.201812190825/tools/compiler/bin/../lib/gcc/arm-none-eabi/7.3.1/thumb/v6-m\libgcc.a(subdf3.o)
                0x08001ae0                __aeabi_dsub
 .text          0x08002170       0x38 d:/ac6_system_workbench/plugins/fr.ac6.mcu.externaltools.arm-none.win32_1.17.0.201812190825/tools/compiler/bin/../lib/gcc/arm-none-eabi/7.3.1/thumb/v6-m\libgcc.a(unorddf2.o)
                0x08002170                __aeabi_dcmpun
 .text          0x080021a8       0x6c d:/ac6_system_workbench/plugins/fr.ac6.mcu.externaltools.arm-none.win32_1.17.0.201812190825/tools/compiler/bin/../lib/gcc/arm-none-eabi/7.3.1/thumb/v6-m\libgcc.a(fixdfsi.o)
                0x080021a8                __aeabi_d2iz
 .text          0x08002214       0x74 d:/ac6_system_workbench/plugins/fr.ac6.mcu.externaltools.arm-none.win32_1.17.0.201812190825/tools/compiler/bin/../lib/gcc/arm-none-eabi/7.3.1/thumb/v6-m\libgcc.a(floatsidf.o)
                0x08002214                __aeabi_i2d
 .text          0x08002288      0x108 d:/ac6_system_workbench/plugins/fr.ac6.mcu.externaltools.arm-none.win32_1.17.0.201812190825/tools/compiler/bin/../lib/gcc/arm-none-eabi/7.3.1/thumb/v6-m\libgcc.a(truncdfsf2.o)
                0x08002288                __aeabi_d2f
 .text          0x08002390       0x3c d:/ac6_system_workbench/plugins/fr.ac6.mcu.externaltools.arm-none.win32_1.17.0.201812190825/tools/compiler/bin/../lib/gcc/arm-none-eabi/7.3.1/thumb/v6-m\libgcc.a(_clzsi2.o)
                0x08002390                __clzsi2
 *(.text*)
 .text.program_change
                0x080023cc       0x44 src/main.o
                0x080023cc                program_change
 .text.init_DAC
                0x08002410       0x40 src/main.o
                0x08002410                init_DAC
 .text.DMA1_Channel2_3_IRQHandler
                0x08002450       0xd0 src/main.o
                0x08002450                DMA1_Channel2_3_IRQHandler
 .text.init_DMA
                0x08002520       0x58 src/main.o
                0x08002520                init_DMA
 .text.init_TIM6
                0x08002578       0x74 src/main.o
                0x08002578                init_TIM6
 .text.init_TIM2
                0x080025ec       0x54 src/main.o
                0x080025ec                init_TIM2
 .text.set_tempo
                0x08002640       0x14 src/main.o
                0x08002640                set_tempo
 .text.TIM2_IRQHandler
                0x08002654       0x14 src/main.o
                0x08002654                TIM2_IRQHandler
 .text.pitch_wheel_change
                0x08002668      0x30c src/main.o
                0x08002668                pitch_wheel_change
 .text.init_sine
                0x08002974       0x54 src/main.o
                0x08002974                init_sine
 .text.init_hybrid
                0x080029c8       0xa0 src/main.o
                0x080029c8                init_hybrid
 .text.init_hybrid2
                0x08002a68       0xa4 src/main.o
                0x08002a68                init_hybrid2
 .text.note_off
                0x08002b0c      0x154 src/main.o
                0x08002b0c                note_off
 .text.note_on  0x08002c60      0x298 src/main.o
                0x08002c60                note_on
 .text.startup.main
                0x08002ef8       0x98 src/main.o
                0x08002ef8                main
 .text.midi_error
                0x08002f90        0x4 src/midi.o
                0x08002f90                midi_error
 .text.header_info
                0x08002f94        0x4 src/midi.o
                0x08002f94                header_info
 .text.file_offset_info
                0x08002f98        0x4 src/midi.o
                0x08002f98                file_offset_info
 .text.track_info
                0x08002f9c        0x4 src/midi.o
                0x08002f9c                track_info
 .text.sysex_info
                0x08002fa0        0x4 src/midi.o
                0x08002fa0                sysex_info
 .text.key_pressure
                0x08002fa4        0x4 src/midi.o
                0x08002fa4                key_pressure
 .text.control_change
                0x08002fa8        0x4 src/midi.o
                0x08002fa8                control_change
 .text.channel_pressure
                0x08002fac        0x4 src/midi.o
                0x08002fac                channel_pressure
 .text.text_event
                0x08002fb0        0x4 src/midi.o
                0x08002fb0                text_event
 .text.copyright_notice
                0x08002fb4        0x4 src/midi.o
                0x08002fb4                copyright_notice
 .text.track_name
                0x08002fb8        0x4 src/midi.o
                0x08002fb8                track_name
 .text.lyric    0x08002fbc        0x4 src/midi.o
                0x08002fbc                lyric
 .text.marker   0x08002fc0        0x4 src/midi.o
                0x08002fc0                marker
 .text.end_of_track
                0x08002fc4        0x4 src/midi.o
                0x08002fc4                end_of_track
 .text.smpte_offset
                0x08002fc8        0x4 src/midi.o
                0x08002fc8                smpte_offset
 .text.time_signature
                0x08002fcc        0x4 src/midi.o
                0x08002fcc                time_signature
 .text.key_signature
                0x08002fd0        0x4 src/midi.o
                0x08002fd0                key_signature
 .text.unknown_meta
                0x08002fd4        0x4 src/midi.o
                0x08002fd4                unknown_meta
 .text.midi_event
                0x08002fd8       0xc8 src/midi.o
                0x08002fd8                midi_event
 .text.meta_event
                0x080030a0      0x104 src/midi.o
                0x080030a0                meta_event
 .text.track_interpret
                0x080031a4       0xe4 src/midi.o
                0x080031a4                track_interpret
 .text.midi_play
                0x08003288       0x90 src/midi.o
                0x08003288                midi_play
 .text.midi_init
                0x08003318      0x154 src/midi.o
                0x08003318                midi_init
 .text.SystemInit
                0x0800346c       0xbc src/system_stm32f0xx.o
                0x0800346c                SystemInit
 .text.Reset_Handler
                0x08003528       0x50 startup/startup_stm32f0xx.o
                0x08003528                Reset_Handler
 .text.Default_Handler
                0x08003578        0x2 startup/startup_stm32f0xx.o
                0x08003578                TIM1_CC_IRQHandler
                0x08003578                HardFault_Handler
                0x08003578                ADC1_COMP_IRQHandler
                0x08003578                SysTick_Handler
                0x08003578                PVD_IRQHandler
                0x08003578                PendSV_Handler
                0x08003578                NMI_Handler
                0x08003578                I2C1_IRQHandler
                0x08003578                SPI1_IRQHandler
                0x08003578                TIM6_DAC_IRQHandler
                0x08003578                EXTI2_3_IRQHandler
                0x08003578                I2C2_IRQHandler
                0x08003578                TIM17_IRQHandler
                0x08003578                RTC_IRQHandler
                0x08003578                TIM16_IRQHandler
                0x08003578                TIM3_IRQHandler
                0x08003578                EXTI4_15_IRQHandler
                0x08003578                RCC_IRQHandler
                0x08003578                DMA1_Channel1_IRQHandler
                0x08003578                Default_Handler
                0x08003578                CEC_IRQHandler
                0x08003578                TIM14_IRQHandler
                0x08003578                DMA1_Channel4_5_IRQHandler
                0x08003578                TIM15_IRQHandler
                0x08003578                EXTI0_1_IRQHandler
                0x08003578                SPI2_IRQHandler
                0x08003578                SVC_Handler
                0x08003578                TS_IRQHandler
                0x08003578                WWDG_IRQHandler
                0x08003578                USART2_IRQHandler
                0x08003578                FLASH_IRQHandler
                0x08003578                USART1_IRQHandler
                0x08003578                TIM1_BRK_UP_TRG_COM_IRQHandler
 *fill*         0x0800357a        0x2 
 .text.sin      0x0800357c       0x90 d:/ac6_system_workbench/plugins/fr.ac6.mcu.externaltools.arm-none.win32_1.17.0.201812190825/tools/compiler/bin/../lib/gcc/arm-none-eabi/7.3.1/../../../../arm-none-eabi/lib/thumb/v6-m\libm.a(lib_a-s_sin.o)
                0x0800357c                sin
 .text.pow      0x0800360c      0x374 d:/ac6_system_workbench/plugins/fr.ac6.mcu.externaltools.arm-none.win32_1.17.0.201812190825/tools/compiler/bin/../lib/gcc/arm-none-eabi/7.3.1/../../../../arm-none-eabi/lib/thumb/v6-m\libm.a(lib_a-w_pow.o)
                0x0800360c                pow
 .text.__ieee754_pow
                0x08003980      0xacc d:/ac6_system_workbench/plugins/fr.ac6.mcu.externaltools.arm-none.win32_1.17.0.201812190825/tools/compiler/bin/../lib/gcc/arm-none-eabi/7.3.1/../../../../arm-none-eabi/lib/thumb/v6-m\libm.a(lib_a-e_pow.o)
                0x08003980                __ieee754_pow
 .text.__ieee754_rem_pio2
                0x0800444c      0x420 d:/ac6_system_workbench/plugins/fr.ac6.mcu.externaltools.arm-none.win32_1.17.0.201812190825/tools/compiler/bin/../lib/gcc/arm-none-eabi/7.3.1/../../../../arm-none-eabi/lib/thumb/v6-m\libm.a(lib_a-e_rem_pio2.o)
                0x0800444c                __ieee754_rem_pio2
 .text.__ieee754_sqrt
                0x0800486c      0x1b0 d:/ac6_system_workbench/plugins/fr.ac6.mcu.externaltools.arm-none.win32_1.17.0.201812190825/tools/compiler/bin/../lib/gcc/arm-none-eabi/7.3.1/../../../../arm-none-eabi/lib/thumb/v6-m\libm.a(lib_a-e_sqrt.o)
                0x0800486c                __ieee754_sqrt
 .text.__kernel_cos
                0x08004a1c      0x234 d:/ac6_system_workbench/plugins/fr.ac6.mcu.externaltools.arm-none.win32_1.17.0.201812190825/tools/compiler/bin/../lib/gcc/arm-none-eabi/7.3.1/../../../../arm-none-eabi/lib/thumb/v6-m\libm.a(lib_a-k_cos.o)
                0x08004a1c                __kernel_cos
 .text.__kernel_rem_pio2
                0x08004c50      0x8c0 d:/ac6_system_workbench/plugins/fr.ac6.mcu.externaltools.arm-none.win32_1.17.0.201812190825/tools/compiler/bin/../lib/gcc/arm-none-eabi/7.3.1/../../../../arm-none-eabi/lib/thumb/v6-m\libm.a(lib_a-k_rem_pio2.o)
                0x08004c50                __kernel_rem_pio2
 .text.__kernel_sin
                0x08005510      0x164 d:/ac6_system_workbench/plugins/fr.ac6.mcu.externaltools.arm-none.win32_1.17.0.201812190825/tools/compiler/bin/../lib/gcc/arm-none-eabi/7.3.1/../../../../arm-none-eabi/lib/thumb/v6-m\libm.a(lib_a-k_sin.o)
                0x08005510                __kernel_sin
 .text.fabs     0x08005674        0x8 d:/ac6_system_workbench/plugins/fr.ac6.mcu.externaltools.arm-none.win32_1.17.0.201812190825/tools/compiler/bin/../lib/gcc/arm-none-eabi/7.3.1/../../../../arm-none-eabi/lib/thumb/v6-m\libm.a(lib_a-s_fabs.o)
                0x08005674                fabs
 .text.finite   0x0800567c       0x14 d:/ac6_system_workbench/plugins/fr.ac6.mcu.externaltools.arm-none.win32_1.17.0.201812190825/tools/compiler/bin/../lib/gcc/arm-none-eabi/7.3.1/../../../../arm-none-eabi/lib/thumb/v6-m\libm.a(lib_a-s_finite.o)
                0x0800567c                finite
 .text.floor    0x08005690      0x138 d:/ac6_system_workbench/plugins/fr.ac6.mcu.externaltools.arm-none.win32_1.17.0.201812190825/tools/compiler/bin/../lib/gcc/arm-none-eabi/7.3.1/../../../../arm-none-eabi/lib/thumb/v6-m\libm.a(lib_a-s_floor.o)
                0x08005690                floor
 .text.matherr  0x080057c8        0x4 d:/ac6_system_workbench/plugins/fr.ac6.mcu.externaltools.arm-none.win32_1.17.0.201812190825/tools/compiler/bin/../lib/gcc/arm-none-eabi/7.3.1/../../../../arm-none-eabi/lib/thumb/v6-m\libm.a(lib_a-s_matherr.o)
                0x080057c8                matherr
 .text.nan      0x080057cc        0xc d:/ac6_system_workbench/plugins/fr.ac6.mcu.externaltools.arm-none.win32_1.17.0.201812190825/tools/compiler/bin/../lib/gcc/arm-none-eabi/7.3.1/../../../../arm-none-eabi/lib/thumb/v6-m\libm.a(lib_a-s_nan.o)
                0x080057cc                nan
 .text.rint     0x080057d8      0x120 d:/ac6_system_workbench/plugins/fr.ac6.mcu.externaltools.arm-none.win32_1.17.0.201812190825/tools/compiler/bin/../lib/gcc/arm-none-eabi/7.3.1/../../../../arm-none-eabi/lib/thumb/v6-m\libm.a(lib_a-s_rint.o)
                0x080057d8                rint
 .text.scalbn   0x080058f8       0xd0 d:/ac6_system_workbench/plugins/fr.ac6.mcu.externaltools.arm-none.win32_1.17.0.201812190825/tools/compiler/bin/../lib/gcc/arm-none-eabi/7.3.1/../../../../arm-none-eabi/lib/thumb/v6-m\libm.a(lib_a-s_scalbn.o)
                0x080058f8                scalbn
 .text.copysign
                0x080059c8       0x10 d:/ac6_system_workbench/plugins/fr.ac6.mcu.externaltools.arm-none.win32_1.17.0.201812190825/tools/compiler/bin/../lib/gcc/arm-none-eabi/7.3.1/../../../../arm-none-eabi/lib/thumb/v6-m\libm.a(lib_a-s_copysign.o)
                0x080059c8                copysign
 .text.__errno  0x080059d8        0xc d:/ac6_system_workbench/plugins/fr.ac6.mcu.externaltools.arm-none.win32_1.17.0.201812190825/tools/compiler/bin/../lib/gcc/arm-none-eabi/7.3.1/../../../../arm-none-eabi/lib/thumb/v6-m\libc.a(lib_a-errno.o)
                0x080059d8                __errno
 .text.__libc_init_array
                0x080059e4       0x48 d:/ac6_system_workbench/plugins/fr.ac6.mcu.externaltools.arm-none.win32_1.17.0.201812190825/tools/compiler/bin/../lib/gcc/arm-none-eabi/7.3.1/../../../../arm-none-eabi/lib/thumb/v6-m\libc.a(lib_a-init.o)
                0x080059e4                __libc_init_array
 .text.strncmp  0x08005a2c       0x8c d:/ac6_system_workbench/plugins/fr.ac6.mcu.externaltools.arm-none.win32_1.17.0.201812190825/tools/compiler/bin/../lib/gcc/arm-none-eabi/7.3.1/../../../../arm-none-eabi/lib/thumb/v6-m\libc.a(lib_a-strncmp.o)
                0x08005a2c                strncmp
 .text.startup.register_fini
                0x08005ab8       0x18 d:/ac6_system_workbench/plugins/fr.ac6.mcu.externaltools.arm-none.win32_1.17.0.201812190825/tools/compiler/bin/../lib/gcc/arm-none-eabi/7.3.1/../../../../arm-none-eabi/lib/thumb/v6-m\libc.a(lib_a-__call_atexit.o)
 .text.atexit   0x08005ad0       0x10 d:/ac6_system_workbench/plugins/fr.ac6.mcu.externaltools.arm-none.win32_1.17.0.201812190825/tools/compiler/bin/../lib/gcc/arm-none-eabi/7.3.1/../../../../arm-none-eabi/lib/thumb/v6-m\libc.a(lib_a-atexit.o)
                0x08005ad0                atexit
 .text.__libc_fini_array
                0x08005ae0       0x34 d:/ac6_system_workbench/plugins/fr.ac6.mcu.externaltools.arm-none.win32_1.17.0.201812190825/tools/compiler/bin/../lib/gcc/arm-none-eabi/7.3.1/../../../../arm-none-eabi/lib/thumb/v6-m\libc.a(lib_a-fini.o)
                0x08005ae0                __libc_fini_array
 .text.__retarget_lock_acquire_recursive
                0x08005b14        0x4 d:/ac6_system_workbench/plugins/fr.ac6.mcu.externaltools.arm-none.win32_1.17.0.201812190825/tools/compiler/bin/../lib/gcc/arm-none-eabi/7.3.1/../../../../arm-none-eabi/lib/thumb/v6-m\libc.a(lib_a-lock.o)
                0x08005b14                __retarget_lock_acquire_recursive
 .text.__retarget_lock_release_recursive
                0x08005b18        0x4 d:/ac6_system_workbench/plugins/fr.ac6.mcu.externaltools.arm-none.win32_1.17.0.201812190825/tools/compiler/bin/../lib/gcc/arm-none-eabi/7.3.1/../../../../arm-none-eabi/lib/thumb/v6-m\libc.a(lib_a-lock.o)
                0x08005b18                __retarget_lock_release_recursive
 .text.__register_exitproc
                0x08005b1c       0xf4 d:/ac6_system_workbench/plugins/fr.ac6.mcu.externaltools.arm-none.win32_1.17.0.201812190825/tools/compiler/bin/../lib/gcc/arm-none-eabi/7.3.1/../../../../arm-none-eabi/lib/thumb/v6-m\libc.a(lib_a-__atexit.o)
                0x08005b1c                __register_exitproc
 *(.rodata)
 .rodata        0x08005c10      0x200 src/main.o
                0x08005c10                step
 .rodata        0x08005e10     0x4741 src/maple-leaf-rag.o
                0x08005e10                midifile
 *fill*         0x0800a551        0x3 
 .rodata        0x0800a554      0x168 src/midi.o
 .rodata        0x0800a6bc       0x40 d:/ac6_system_workbench/plugins/fr.ac6.mcu.externaltools.arm-none.win32_1.17.0.201812190825/tools/compiler/bin/../lib/gcc/arm-none-eabi/7.3.1/thumb/v6-m\libgcc.a(mulsf3.o)
 .rodata        0x0800a6fc       0x40 d:/ac6_system_workbench/plugins/fr.ac6.mcu.externaltools.arm-none.win32_1.17.0.201812190825/tools/compiler/bin/../lib/gcc/arm-none-eabi/7.3.1/thumb/v6-m\libgcc.a(divdf3.o)
 .rodata        0x0800a73c       0x40 d:/ac6_system_workbench/plugins/fr.ac6.mcu.externaltools.arm-none.win32_1.17.0.201812190825/tools/compiler/bin/../lib/gcc/arm-none-eabi/7.3.1/thumb/v6-m\libgcc.a(muldf3.o)
 *(.rodata*)
 .rodata.str1.4
                0x0800a77c       0x3d src/midi.o
 *fill*         0x0800a7b9        0x3 
 .rodata.pow.str1.4
                0x0800a7bc        0x4 d:/ac6_system_workbench/plugins/fr.ac6.mcu.externaltools.arm-none.win32_1.17.0.201812190825/tools/compiler/bin/../lib/gcc/arm-none-eabi/7.3.1/../../../../arm-none-eabi/lib/thumb/v6-m\libm.a(lib_a-w_pow.o)
 .rodata.__ieee754_pow.str1.4
                0x0800a7c0        0x4 d:/ac6_system_workbench/plugins/fr.ac6.mcu.externaltools.arm-none.win32_1.17.0.201812190825/tools/compiler/bin/../lib/gcc/arm-none-eabi/7.3.1/../../../../arm-none-eabi/lib/thumb/v6-m\libm.a(lib_a-e_pow.o)
                                  0x1 (size before relaxing)
 .rodata.npio2_hw
                0x0800a7c0       0x80 d:/ac6_system_workbench/plugins/fr.ac6.mcu.externaltools.arm-none.win32_1.17.0.201812190825/tools/compiler/bin/../lib/gcc/arm-none-eabi/7.3.1/../../../../arm-none-eabi/lib/thumb/v6-m\libm.a(lib_a-e_rem_pio2.o)
 .rodata.two_over_pi
                0x0800a840      0x108 d:/ac6_system_workbench/plugins/fr.ac6.mcu.externaltools.arm-none.win32_1.17.0.201812190825/tools/compiler/bin/../lib/gcc/arm-none-eabi/7.3.1/../../../../arm-none-eabi/lib/thumb/v6-m\libm.a(lib_a-e_rem_pio2.o)
 .rodata.PIo2   0x0800a948       0x40 d:/ac6_system_workbench/plugins/fr.ac6.mcu.externaltools.arm-none.win32_1.17.0.201812190825/tools/compiler/bin/../lib/gcc/arm-none-eabi/7.3.1/../../../../arm-none-eabi/lib/thumb/v6-m\libm.a(lib_a-k_rem_pio2.o)
 .rodata.init_jk
                0x0800a988       0x10 d:/ac6_system_workbench/plugins/fr.ac6.mcu.externaltools.arm-none.win32_1.17.0.201812190825/tools/compiler/bin/../lib/gcc/arm-none-eabi/7.3.1/../../../../arm-none-eabi/lib/thumb/v6-m\libm.a(lib_a-k_rem_pio2.o)
 .rodata.TWO52  0x0800a998       0x10 d:/ac6_system_workbench/plugins/fr.ac6.mcu.externaltools.arm-none.win32_1.17.0.201812190825/tools/compiler/bin/../lib/gcc/arm-none-eabi/7.3.1/../../../../arm-none-eabi/lib/thumb/v6-m\libm.a(lib_a-s_rint.o)
 .rodata._global_impure_ptr
                0x0800a9a8        0x4 d:/ac6_system_workbench/plugins/fr.ac6.mcu.externaltools.arm-none.win32_1.17.0.201812190825/tools/compiler/bin/../lib/gcc/arm-none-eabi/7.3.1/../../../../arm-none-eabi/lib/thumb/v6-m\libc.a(lib_a-impure.o)
                0x0800a9a8                _global_impure_ptr
 *(.glue_7)
 .glue_7        0x0800a9ac        0x0 linker stubs
 *(.glue_7t)
 .glue_7t       0x0800a9ac        0x0 linker stubs
 *(.eh_frame)
 .eh_frame      0x0800a9ac        0x0 d:/ac6_system_workbench/plugins/fr.ac6.mcu.externaltools.arm-none.win32_1.17.0.201812190825/tools/compiler/bin/../lib/gcc/arm-none-eabi/7.3.1/thumb/v6-m/crtbegin.o
 *(.init)
 .init          0x0800a9ac        0x4 d:/ac6_system_workbench/plugins/fr.ac6.mcu.externaltools.arm-none.win32_1.17.0.201812190825/tools/compiler/bin/../lib/gcc/arm-none-eabi/7.3.1/thumb/v6-m/crti.o
                0x0800a9ac                _init
 .init          0x0800a9b0        0x8 d:/ac6_system_workbench/plugins/fr.ac6.mcu.externaltools.arm-none.win32_1.17.0.201812190825/tools/compiler/bin/../lib/gcc/arm-none-eabi/7.3.1/thumb/v6-m/crtn.o
 *(.fini)
 .fini          0x0800a9b8        0x4 d:/ac6_system_workbench/plugins/fr.ac6.mcu.externaltools.arm-none.win32_1.17.0.201812190825/tools/compiler/bin/../lib/gcc/arm-none-eabi/7.3.1/thumb/v6-m/crti.o
                0x0800a9b8                _fini
 .fini          0x0800a9bc        0x8 d:/ac6_system_workbench/plugins/fr.ac6.mcu.externaltools.arm-none.win32_1.17.0.201812190825/tools/compiler/bin/../lib/gcc/arm-none-eabi/7.3.1/thumb/v6-m/crtn.o
                0x0800a9c4                . = ALIGN (0x4)
                0x0800a9c4                _etext = .

.vfp11_veneer   0x0800a9c4        0x0
 .vfp11_veneer  0x0800a9c4        0x0 linker stubs

.v4_bx          0x0800a9c4        0x0
 .v4_bx         0x0800a9c4        0x0 linker stubs

.iplt           0x0800a9c4        0x0
 .iplt          0x0800a9c4        0x0 d:/ac6_system_workbench/plugins/fr.ac6.mcu.externaltools.arm-none.win32_1.17.0.201812190825/tools/compiler/bin/../lib/gcc/arm-none-eabi/7.3.1/thumb/v6-m/crtbegin.o

.rel.dyn        0x0800a9c4        0x0
 .rel.iplt      0x0800a9c4        0x0 d:/ac6_system_workbench/plugins/fr.ac6.mcu.externaltools.arm-none.win32_1.17.0.201812190825/tools/compiler/bin/../lib/gcc/arm-none-eabi/7.3.1/thumb/v6-m/crtbegin.o

.ARM.extab
 *(.ARM.extab* .gnu.linkonce.armextab.*)

.ARM            0x0800a9c4        0x0
                0x0800a9c4                __exidx_start = .
 *(.ARM.exidx*)
                0x0800a9c4                __exidx_end = .

.preinit_array  0x0800a9c4        0x0
                0x0800a9c4                PROVIDE (__preinit_array_start = .)
 *(.preinit_array*)
                0x0800a9c4                PROVIDE (__preinit_array_end = .)

.init_array     0x0800a9c4        0x8
                0x0800a9c4                PROVIDE (__init_array_start = .)
 *(SORT_BY_NAME(.init_array.*))
 .init_array.00000
                0x0800a9c4        0x4 d:/ac6_system_workbench/plugins/fr.ac6.mcu.externaltools.arm-none.win32_1.17.0.201812190825/tools/compiler/bin/../lib/gcc/arm-none-eabi/7.3.1/../../../../arm-none-eabi/lib/thumb/v6-m\libc.a(lib_a-__call_atexit.o)
 *(.init_array*)
 .init_array    0x0800a9c8        0x4 d:/ac6_system_workbench/plugins/fr.ac6.mcu.externaltools.arm-none.win32_1.17.0.201812190825/tools/compiler/bin/../lib/gcc/arm-none-eabi/7.3.1/thumb/v6-m/crtbegin.o
                0x0800a9cc                PROVIDE (__init_array_end = .)

.fini_array     0x0800a9cc        0x4
                0x0800a9cc                PROVIDE (__fini_array_start = .)
 *(SORT_BY_NAME(.fini_array.*))
 *(.fini_array*)
 .fini_array    0x0800a9cc        0x4 d:/ac6_system_workbench/plugins/fr.ac6.mcu.externaltools.arm-none.win32_1.17.0.201812190825/tools/compiler/bin/../lib/gcc/arm-none-eabi/7.3.1/thumb/v6-m/crtbegin.o
                0x0800a9d0                PROVIDE (__fini_array_end = .)
                0x0800a9d0                _sidata = LOADADDR (.data)

.data           0x20000000      0x434 load address 0x0800a9d0
                0x20000000                . = ALIGN (0x4)
                0x20000000                _sdata = .
 *(.data)
 *(.data*)
 .data.__fdlib_version
                0x20000000        0x1 d:/ac6_system_workbench/plugins/fr.ac6.mcu.externaltools.arm-none.win32_1.17.0.201812190825/tools/compiler/bin/../lib/gcc/arm-none-eabi/7.3.1/../../../../arm-none-eabi/lib/thumb/v6-m\libm.a(lib_a-s_lib_ver.o)
                0x20000000                __fdlib_version
 *fill*         0x20000001        0x3 
 .data._impure_ptr
                0x20000004        0x4 d:/ac6_system_workbench/plugins/fr.ac6.mcu.externaltools.arm-none.win32_1.17.0.201812190825/tools/compiler/bin/../lib/gcc/arm-none-eabi/7.3.1/../../../../arm-none-eabi/lib/thumb/v6-m\libc.a(lib_a-impure.o)
                0x20000004                _impure_ptr
 .data.impure_data
                0x20000008      0x428 d:/ac6_system_workbench/plugins/fr.ac6.mcu.externaltools.arm-none.win32_1.17.0.201812190825/tools/compiler/bin/../lib/gcc/arm-none-eabi/7.3.1/../../../../arm-none-eabi/lib/thumb/v6-m\libc.a(lib_a-impure.o)
 .data.__atexit_recursive_mutex
                0x20000430        0x4 d:/ac6_system_workbench/plugins/fr.ac6.mcu.externaltools.arm-none.win32_1.17.0.201812190825/tools/compiler/bin/../lib/gcc/arm-none-eabi/7.3.1/../../../../arm-none-eabi/lib/thumb/v6-m\libc.a(lib_a-__call_atexit.o)
                0x20000430                __atexit_recursive_mutex
                0x20000434                . = ALIGN (0x4)
                0x20000434                _edata = .

.igot.plt       0x20000434        0x0 load address 0x0800ae04
 .igot.plt      0x20000434        0x0 d:/ac6_system_workbench/plugins/fr.ac6.mcu.externaltools.arm-none.win32_1.17.0.201812190825/tools/compiler/bin/../lib/gcc/arm-none-eabi/7.3.1/thumb/v6-m/crtbegin.o
                0x20000434                . = ALIGN (0x4)

.bss            0x20000434      0xacc load address 0x0800ae04
                0x20000434                _sbss = .
                0x20000434                __bss_start__ = _sbss
 *(.bss)
 .bss           0x20000434       0x1c d:/ac6_system_workbench/plugins/fr.ac6.mcu.externaltools.arm-none.win32_1.17.0.201812190825/tools/compiler/bin/../lib/gcc/arm-none-eabi/7.3.1/thumb/v6-m/crtbegin.o
 .bss           0x20000450      0x2d0 src/midi.o
 *(.bss*)
 *(COMMON)
 COMMON         0x20000720      0x7bc src/main.o
                0x20000720                wavetable
                0x200007e8                voice
                0x20000914                queue
                0x20000aa4                sawtooth
                0x20000b6c                square
                0x20000c34                sine
                0x20000cfc                hybrid
                0x20000dc4                hybrid2
                0x20000e8c                channel_wavetable
 COMMON         0x20000edc       0x21 d:/ac6_system_workbench/plugins/fr.ac6.mcu.externaltools.arm-none.win32_1.17.0.201812190825/tools/compiler/bin/../lib/gcc/arm-none-eabi/7.3.1/../../../../arm-none-eabi/lib/thumb/v6-m\libc.a(lib_a-lock.o)
                0x20000edc                __lock___atexit_recursive_mutex
                0x20000ee0                __lock___arc4random_mutex
                0x20000ee4                __lock___env_recursive_mutex
                0x20000ee8                __lock___sinit_recursive_mutex
                0x20000eec                __lock___malloc_recursive_mutex
                0x20000ef0                __lock___at_quick_exit_mutex
                0x20000ef4                __lock___dd_hash_mutex
                0x20000ef8                __lock___tz_mutex
                0x20000efc                __lock___sfp_recursive_mutex
                0x20000f00                . = ALIGN (0x4)
 *fill*         0x20000efd        0x3 
                0x20000f00                _ebss = .
                0x20000f00                __bss_end__ = _ebss

._user_heap_stack
                0x20000f00       0x80 load address 0x0800ae04
                0x20000f00                . = ALIGN (0x8)
                0x20000f00                PROVIDE (end = .)
                [!provide]                PROVIDE (_end = .)
                0x20000f00                . = (. + _Min_Heap_Size)
                0x20000f80                . = (. + _Min_Stack_Size)
 *fill*         0x20000f00       0x80 
                0x20000f80                . = ALIGN (0x8)

.ARM.attributes
                0x00000000       0x28
 *(.ARM.attributes)
 .ARM.attributes
                0x00000000       0x1e d:/ac6_system_workbench/plugins/fr.ac6.mcu.externaltools.arm-none.win32_1.17.0.201812190825/tools/compiler/bin/../lib/gcc/arm-none-eabi/7.3.1/thumb/v6-m/crti.o
 .ARM.attributes
                0x0000001e       0x2c d:/ac6_system_workbench/plugins/fr.ac6.mcu.externaltools.arm-none.win32_1.17.0.201812190825/tools/compiler/bin/../lib/gcc/arm-none-eabi/7.3.1/thumb/v6-m/crtbegin.o
 .ARM.attributes
                0x0000004a       0x31 src/main.o
 .ARM.attributes
                0x0000007b       0x31 src/maple-leaf-rag.o
 .ARM.attributes
                0x000000ac       0x31 src/midi.o
 .ARM.attributes
                0x000000dd       0x31 src/system_stm32f0xx.o
 .ARM.attributes
                0x0000010e       0x21 startup/startup_stm32f0xx.o
 .ARM.attributes
                0x0000012f       0x2c d:/ac6_system_workbench/plugins/fr.ac6.mcu.externaltools.arm-none.win32_1.17.0.201812190825/tools/compiler/bin/../lib/gcc/arm-none-eabi/7.3.1/../../../../arm-none-eabi/lib/thumb/v6-m\libm.a(lib_a-s_sin.o)
 .ARM.attributes
                0x0000015b       0x2c d:/ac6_system_workbench/plugins/fr.ac6.mcu.externaltools.arm-none.win32_1.17.0.201812190825/tools/compiler/bin/../lib/gcc/arm-none-eabi/7.3.1/../../../../arm-none-eabi/lib/thumb/v6-m\libm.a(lib_a-w_pow.o)
 .ARM.attributes
                0x00000187       0x2c d:/ac6_system_workbench/plugins/fr.ac6.mcu.externaltools.arm-none.win32_1.17.0.201812190825/tools/compiler/bin/../lib/gcc/arm-none-eabi/7.3.1/../../../../arm-none-eabi/lib/thumb/v6-m\libm.a(lib_a-e_pow.o)
 .ARM.attributes
                0x000001b3       0x2c d:/ac6_system_workbench/plugins/fr.ac6.mcu.externaltools.arm-none.win32_1.17.0.201812190825/tools/compiler/bin/../lib/gcc/arm-none-eabi/7.3.1/../../../../arm-none-eabi/lib/thumb/v6-m\libm.a(lib_a-e_rem_pio2.o)
 .ARM.attributes
                0x000001df       0x2c d:/ac6_system_workbench/plugins/fr.ac6.mcu.externaltools.arm-none.win32_1.17.0.201812190825/tools/compiler/bin/../lib/gcc/arm-none-eabi/7.3.1/../../../../arm-none-eabi/lib/thumb/v6-m\libm.a(lib_a-e_sqrt.o)
 .ARM.attributes
                0x0000020b       0x2c d:/ac6_system_workbench/plugins/fr.ac6.mcu.externaltools.arm-none.win32_1.17.0.201812190825/tools/compiler/bin/../lib/gcc/arm-none-eabi/7.3.1/../../../../arm-none-eabi/lib/thumb/v6-m\libm.a(lib_a-k_cos.o)
 .ARM.attributes
                0x00000237       0x2c d:/ac6_system_workbench/plugins/fr.ac6.mcu.externaltools.arm-none.win32_1.17.0.201812190825/tools/compiler/bin/../lib/gcc/arm-none-eabi/7.3.1/../../../../arm-none-eabi/lib/thumb/v6-m\libm.a(lib_a-k_rem_pio2.o)
 .ARM.attributes
                0x00000263       0x2c d:/ac6_system_workbench/plugins/fr.ac6.mcu.externaltools.arm-none.win32_1.17.0.201812190825/tools/compiler/bin/../lib/gcc/arm-none-eabi/7.3.1/../../../../arm-none-eabi/lib/thumb/v6-m\libm.a(lib_a-k_sin.o)
 .ARM.attributes
                0x0000028f       0x2c d:/ac6_system_workbench/plugins/fr.ac6.mcu.externaltools.arm-none.win32_1.17.0.201812190825/tools/compiler/bin/../lib/gcc/arm-none-eabi/7.3.1/../../../../arm-none-eabi/lib/thumb/v6-m\libm.a(lib_a-s_fabs.o)
 .ARM.attributes
                0x000002bb       0x2c d:/ac6_system_workbench/plugins/fr.ac6.mcu.externaltools.arm-none.win32_1.17.0.201812190825/tools/compiler/bin/../lib/gcc/arm-none-eabi/7.3.1/../../../../arm-none-eabi/lib/thumb/v6-m\libm.a(lib_a-s_finite.o)
 .ARM.attributes
                0x000002e7       0x2c d:/ac6_system_workbench/plugins/fr.ac6.mcu.externaltools.arm-none.win32_1.17.0.201812190825/tools/compiler/bin/../lib/gcc/arm-none-eabi/7.3.1/../../../../arm-none-eabi/lib/thumb/v6-m\libm.a(lib_a-s_floor.o)
 .ARM.attributes
                0x00000313       0x2c d:/ac6_system_workbench/plugins/fr.ac6.mcu.externaltools.arm-none.win32_1.17.0.201812190825/tools/compiler/bin/../lib/gcc/arm-none-eabi/7.3.1/../../../../arm-none-eabi/lib/thumb/v6-m\libm.a(lib_a-s_lib_ver.o)
 .ARM.attributes
                0x0000033f       0x2c d:/ac6_system_workbench/plugins/fr.ac6.mcu.externaltools.arm-none.win32_1.17.0.201812190825/tools/compiler/bin/../lib/gcc/arm-none-eabi/7.3.1/../../../../arm-none-eabi/lib/thumb/v6-m\libm.a(lib_a-s_matherr.o)
 .ARM.attributes
                0x0000036b       0x2c d:/ac6_system_workbench/plugins/fr.ac6.mcu.externaltools.arm-none.win32_1.17.0.201812190825/tools/compiler/bin/../lib/gcc/arm-none-eabi/7.3.1/../../../../arm-none-eabi/lib/thumb/v6-m\libm.a(lib_a-s_nan.o)
 .ARM.attributes
                0x00000397       0x2c d:/ac6_system_workbench/plugins/fr.ac6.mcu.externaltools.arm-none.win32_1.17.0.201812190825/tools/compiler/bin/../lib/gcc/arm-none-eabi/7.3.1/../../../../arm-none-eabi/lib/thumb/v6-m\libm.a(lib_a-s_rint.o)
 .ARM.attributes
                0x000003c3       0x2c d:/ac6_system_workbench/plugins/fr.ac6.mcu.externaltools.arm-none.win32_1.17.0.201812190825/tools/compiler/bin/../lib/gcc/arm-none-eabi/7.3.1/../../../../arm-none-eabi/lib/thumb/v6-m\libm.a(lib_a-s_scalbn.o)
 .ARM.attributes
                0x000003ef       0x2c d:/ac6_system_workbench/plugins/fr.ac6.mcu.externaltools.arm-none.win32_1.17.0.201812190825/tools/compiler/bin/../lib/gcc/arm-none-eabi/7.3.1/../../../../arm-none-eabi/lib/thumb/v6-m\libm.a(lib_a-s_copysign.o)
 .ARM.attributes
                0x0000041b       0x1e d:/ac6_system_workbench/plugins/fr.ac6.mcu.externaltools.arm-none.win32_1.17.0.201812190825/tools/compiler/bin/../lib/gcc/arm-none-eabi/7.3.1/thumb/v6-m\libgcc.a(_udivsi3.o)
 .ARM.attributes
                0x00000439       0x1e d:/ac6_system_workbench/plugins/fr.ac6.mcu.externaltools.arm-none.win32_1.17.0.201812190825/tools/compiler/bin/../lib/gcc/arm-none-eabi/7.3.1/thumb/v6-m\libgcc.a(_divsi3.o)
 .ARM.attributes
                0x00000457       0x1e d:/ac6_system_workbench/plugins/fr.ac6.mcu.externaltools.arm-none.win32_1.17.0.201812190825/tools/compiler/bin/../lib/gcc/arm-none-eabi/7.3.1/thumb/v6-m\libgcc.a(_dvmd_tls.o)
 .ARM.attributes
                0x00000475       0x1e d:/ac6_system_workbench/plugins/fr.ac6.mcu.externaltools.arm-none.win32_1.17.0.201812190825/tools/compiler/bin/../lib/gcc/arm-none-eabi/7.3.1/thumb/v6-m\libgcc.a(_arm_cmpdf2.o)
 .ARM.attributes
                0x00000493       0x2c d:/ac6_system_workbench/plugins/fr.ac6.mcu.externaltools.arm-none.win32_1.17.0.201812190825/tools/compiler/bin/../lib/gcc/arm-none-eabi/7.3.1/thumb/v6-m\libgcc.a(mulsf3.o)
 .ARM.attributes
                0x000004bf       0x2c d:/ac6_system_workbench/plugins/fr.ac6.mcu.externaltools.arm-none.win32_1.17.0.201812190825/tools/compiler/bin/../lib/gcc/arm-none-eabi/7.3.1/thumb/v6-m\libgcc.a(fixsfsi.o)
 .ARM.attributes
                0x000004eb       0x2c d:/ac6_system_workbench/plugins/fr.ac6.mcu.externaltools.arm-none.win32_1.17.0.201812190825/tools/compiler/bin/../lib/gcc/arm-none-eabi/7.3.1/thumb/v6-m\libgcc.a(floatsisf.o)
 .ARM.attributes
                0x00000517       0x2c d:/ac6_system_workbench/plugins/fr.ac6.mcu.externaltools.arm-none.win32_1.17.0.201812190825/tools/compiler/bin/../lib/gcc/arm-none-eabi/7.3.1/thumb/v6-m\libgcc.a(adddf3.o)
 .ARM.attributes
                0x00000543       0x2c d:/ac6_system_workbench/plugins/fr.ac6.mcu.externaltools.arm-none.win32_1.17.0.201812190825/tools/compiler/bin/../lib/gcc/arm-none-eabi/7.3.1/thumb/v6-m\libgcc.a(divdf3.o)
 .ARM.attributes
                0x0000056f       0x2c d:/ac6_system_workbench/plugins/fr.ac6.mcu.externaltools.arm-none.win32_1.17.0.201812190825/tools/compiler/bin/../lib/gcc/arm-none-eabi/7.3.1/thumb/v6-m\libgcc.a(eqdf2.o)
 .ARM.attributes
                0x0000059b       0x2c d:/ac6_system_workbench/plugins/fr.ac6.mcu.externaltools.arm-none.win32_1.17.0.201812190825/tools/compiler/bin/../lib/gcc/arm-none-eabi/7.3.1/thumb/v6-m\libgcc.a(gedf2.o)
 .ARM.attributes
                0x000005c7       0x2c d:/ac6_system_workbench/plugins/fr.ac6.mcu.externaltools.arm-none.win32_1.17.0.201812190825/tools/compiler/bin/../lib/gcc/arm-none-eabi/7.3.1/thumb/v6-m\libgcc.a(ledf2.o)
 .ARM.attributes
                0x000005f3       0x2c d:/ac6_system_workbench/plugins/fr.ac6.mcu.externaltools.arm-none.win32_1.17.0.201812190825/tools/compiler/bin/../lib/gcc/arm-none-eabi/7.3.1/thumb/v6-m\libgcc.a(muldf3.o)
 .ARM.attributes
                0x0000061f       0x2c d:/ac6_system_workbench/plugins/fr.ac6.mcu.externaltools.arm-none.win32_1.17.0.201812190825/tools/compiler/bin/../lib/gcc/arm-none-eabi/7.3.1/thumb/v6-m\libgcc.a(subdf3.o)
 .ARM.attributes
                0x0000064b       0x2c d:/ac6_system_workbench/plugins/fr.ac6.mcu.externaltools.arm-none.win32_1.17.0.201812190825/tools/compiler/bin/../lib/gcc/arm-none-eabi/7.3.1/thumb/v6-m\libgcc.a(unorddf2.o)
 .ARM.attributes
                0x00000677       0x2c d:/ac6_system_workbench/plugins/fr.ac6.mcu.externaltools.arm-none.win32_1.17.0.201812190825/tools/compiler/bin/../lib/gcc/arm-none-eabi/7.3.1/thumb/v6-m\libgcc.a(fixdfsi.o)
 .ARM.attributes
                0x000006a3       0x2c d:/ac6_system_workbench/plugins/fr.ac6.mcu.externaltools.arm-none.win32_1.17.0.201812190825/tools/compiler/bin/../lib/gcc/arm-none-eabi/7.3.1/thumb/v6-m\libgcc.a(floatsidf.o)
 .ARM.attributes
                0x000006cf       0x2c d:/ac6_system_workbench/plugins/fr.ac6.mcu.externaltools.arm-none.win32_1.17.0.201812190825/tools/compiler/bin/../lib/gcc/arm-none-eabi/7.3.1/thumb/v6-m\libgcc.a(truncdfsf2.o)
 .ARM.attributes
                0x000006fb       0x1e d:/ac6_system_workbench/plugins/fr.ac6.mcu.externaltools.arm-none.win32_1.17.0.201812190825/tools/compiler/bin/../lib/gcc/arm-none-eabi/7.3.1/thumb/v6-m\libgcc.a(_clzsi2.o)
 .ARM.attributes
                0x00000719       0x2c d:/ac6_system_workbench/plugins/fr.ac6.mcu.externaltools.arm-none.win32_1.17.0.201812190825/tools/compiler/bin/../lib/gcc/arm-none-eabi/7.3.1/../../../../arm-none-eabi/lib/thumb/v6-m\libc.a(lib_a-errno.o)
 .ARM.attributes
                0x00000745       0x2c d:/ac6_system_workbench/plugins/fr.ac6.mcu.externaltools.arm-none.win32_1.17.0.201812190825/tools/compiler/bin/../lib/gcc/arm-none-eabi/7.3.1/../../../../arm-none-eabi/lib/thumb/v6-m\libc.a(lib_a-impure.o)
 .ARM.attributes
                0x00000771       0x2c d:/ac6_system_workbench/plugins/fr.ac6.mcu.externaltools.arm-none.win32_1.17.0.201812190825/tools/compiler/bin/../lib/gcc/arm-none-eabi/7.3.1/../../../../arm-none-eabi/lib/thumb/v6-m\libc.a(lib_a-init.o)
 .ARM.attributes
                0x0000079d       0x2c d:/ac6_system_workbench/plugins/fr.ac6.mcu.externaltools.arm-none.win32_1.17.0.201812190825/tools/compiler/bin/../lib/gcc/arm-none-eabi/7.3.1/../../../../arm-none-eabi/lib/thumb/v6-m\libc.a(lib_a-strncmp.o)
 .ARM.attributes
                0x000007c9       0x2c d:/ac6_system_workbench/plugins/fr.ac6.mcu.externaltools.arm-none.win32_1.17.0.201812190825/tools/compiler/bin/../lib/gcc/arm-none-eabi/7.3.1/../../../../arm-none-eabi/lib/thumb/v6-m\libc.a(lib_a-__call_atexit.o)
 .ARM.attributes
                0x000007f5       0x2c d:/ac6_system_workbench/plugins/fr.ac6.mcu.externaltools.arm-none.win32_1.17.0.201812190825/tools/compiler/bin/../lib/gcc/arm-none-eabi/7.3.1/../../../../arm-none-eabi/lib/thumb/v6-m\libc.a(lib_a-atexit.o)
 .ARM.attributes
                0x00000821       0x2c d:/ac6_system_workbench/plugins/fr.ac6.mcu.externaltools.arm-none.win32_1.17.0.201812190825/tools/compiler/bin/../lib/gcc/arm-none-eabi/7.3.1/../../../../arm-none-eabi/lib/thumb/v6-m\libc.a(lib_a-fini.o)
 .ARM.attributes
                0x0000084d       0x2c d:/ac6_system_workbench/plugins/fr.ac6.mcu.externaltools.arm-none.win32_1.17.0.201812190825/tools/compiler/bin/../lib/gcc/arm-none-eabi/7.3.1/../../../../arm-none-eabi/lib/thumb/v6-m\libc.a(lib_a-lock.o)
 .ARM.attributes
                0x00000879       0x2c d:/ac6_system_workbench/plugins/fr.ac6.mcu.externaltools.arm-none.win32_1.17.0.201812190825/tools/compiler/bin/../lib/gcc/arm-none-eabi/7.3.1/../../../../arm-none-eabi/lib/thumb/v6-m\libc.a(lib_a-__atexit.o)
 .ARM.attributes
                0x000008a5       0x1e d:/ac6_system_workbench/plugins/fr.ac6.mcu.externaltools.arm-none.win32_1.17.0.201812190825/tools/compiler/bin/../lib/gcc/arm-none-eabi/7.3.1/thumb/v6-m/crtn.o
OUTPUT(Project2.elf elf32-littlearm)

.comment        0x00000000       0x7f
 .comment       0x00000000       0x7f src/main.o
                                 0x80 (size before relaxing)
 .comment       0x0000007f       0x80 src/maple-leaf-rag.o
 .comment       0x0000007f       0x80 src/midi.o
 .comment       0x0000007f       0x80 src/system_stm32f0xx.o

.debug_frame    0x00000000      0x828
 .debug_frame   0x00000000       0x2c d:/ac6_system_workbench/plugins/fr.ac6.mcu.externaltools.arm-none.win32_1.17.0.201812190825/tools/compiler/bin/../lib/gcc/arm-none-eabi/7.3.1/../../../../arm-none-eabi/lib/thumb/v6-m\libm.a(lib_a-s_sin.o)
 .debug_frame   0x0000002c       0x3c d:/ac6_system_workbench/plugins/fr.ac6.mcu.externaltools.arm-none.win32_1.17.0.201812190825/tools/compiler/bin/../lib/gcc/arm-none-eabi/7.3.1/../../../../arm-none-eabi/lib/thumb/v6-m\libm.a(lib_a-w_pow.o)
 .debug_frame   0x00000068       0x3c d:/ac6_system_workbench/plugins/fr.ac6.mcu.externaltools.arm-none.win32_1.17.0.201812190825/tools/compiler/bin/../lib/gcc/arm-none-eabi/7.3.1/../../../../arm-none-eabi/lib/thumb/v6-m\libm.a(lib_a-e_pow.o)
 .debug_frame   0x000000a4       0x3c d:/ac6_system_workbench/plugins/fr.ac6.mcu.externaltools.arm-none.win32_1.17.0.201812190825/tools/compiler/bin/../lib/gcc/arm-none-eabi/7.3.1/../../../../arm-none-eabi/lib/thumb/v6-m\libm.a(lib_a-e_rem_pio2.o)
 .debug_frame   0x000000e0       0x38 d:/ac6_system_workbench/plugins/fr.ac6.mcu.externaltools.arm-none.win32_1.17.0.201812190825/tools/compiler/bin/../lib/gcc/arm-none-eabi/7.3.1/../../../../arm-none-eabi/lib/thumb/v6-m\libm.a(lib_a-e_sqrt.o)
 .debug_frame   0x00000118       0x38 d:/ac6_system_workbench/plugins/fr.ac6.mcu.externaltools.arm-none.win32_1.17.0.201812190825/tools/compiler/bin/../lib/gcc/arm-none-eabi/7.3.1/../../../../arm-none-eabi/lib/thumb/v6-m\libm.a(lib_a-k_cos.o)
 .debug_frame   0x00000150       0x3c d:/ac6_system_workbench/plugins/fr.ac6.mcu.externaltools.arm-none.win32_1.17.0.201812190825/tools/compiler/bin/../lib/gcc/arm-none-eabi/7.3.1/../../../../arm-none-eabi/lib/thumb/v6-m\libm.a(lib_a-k_rem_pio2.o)
 .debug_frame   0x0000018c       0x38 d:/ac6_system_workbench/plugins/fr.ac6.mcu.externaltools.arm-none.win32_1.17.0.201812190825/tools/compiler/bin/../lib/gcc/arm-none-eabi/7.3.1/../../../../arm-none-eabi/lib/thumb/v6-m\libm.a(lib_a-k_sin.o)
 .debug_frame   0x000001c4       0x20 d:/ac6_system_workbench/plugins/fr.ac6.mcu.externaltools.arm-none.win32_1.17.0.201812190825/tools/compiler/bin/../lib/gcc/arm-none-eabi/7.3.1/../../../../arm-none-eabi/lib/thumb/v6-m\libm.a(lib_a-s_fabs.o)
 .debug_frame   0x000001e4       0x20 d:/ac6_system_workbench/plugins/fr.ac6.mcu.externaltools.arm-none.win32_1.17.0.201812190825/tools/compiler/bin/../lib/gcc/arm-none-eabi/7.3.1/../../../../arm-none-eabi/lib/thumb/v6-m\libm.a(lib_a-s_finite.o)
 .debug_frame   0x00000204       0x38 d:/ac6_system_workbench/plugins/fr.ac6.mcu.externaltools.arm-none.win32_1.17.0.201812190825/tools/compiler/bin/../lib/gcc/arm-none-eabi/7.3.1/../../../../arm-none-eabi/lib/thumb/v6-m\libm.a(lib_a-s_floor.o)
 .debug_frame   0x0000023c       0x20 d:/ac6_system_workbench/plugins/fr.ac6.mcu.externaltools.arm-none.win32_1.17.0.201812190825/tools/compiler/bin/../lib/gcc/arm-none-eabi/7.3.1/../../../../arm-none-eabi/lib/thumb/v6-m\libm.a(lib_a-s_matherr.o)
 .debug_frame   0x0000025c       0x20 d:/ac6_system_workbench/plugins/fr.ac6.mcu.externaltools.arm-none.win32_1.17.0.201812190825/tools/compiler/bin/../lib/gcc/arm-none-eabi/7.3.1/../../../../arm-none-eabi/lib/thumb/v6-m\libm.a(lib_a-s_nan.o)
 .debug_frame   0x0000027c       0x38 d:/ac6_system_workbench/plugins/fr.ac6.mcu.externaltools.arm-none.win32_1.17.0.201812190825/tools/compiler/bin/../lib/gcc/arm-none-eabi/7.3.1/../../../../arm-none-eabi/lib/thumb/v6-m\libm.a(lib_a-s_rint.o)
 .debug_frame   0x000002b4       0x2c d:/ac6_system_workbench/plugins/fr.ac6.mcu.externaltools.arm-none.win32_1.17.0.201812190825/tools/compiler/bin/../lib/gcc/arm-none-eabi/7.3.1/../../../../arm-none-eabi/lib/thumb/v6-m\libm.a(lib_a-s_scalbn.o)
 .debug_frame   0x000002e0       0x2c d:/ac6_system_workbench/plugins/fr.ac6.mcu.externaltools.arm-none.win32_1.17.0.201812190825/tools/compiler/bin/../lib/gcc/arm-none-eabi/7.3.1/../../../../arm-none-eabi/lib/thumb/v6-m\libm.a(lib_a-s_copysign.o)
 .debug_frame   0x0000030c       0x20 d:/ac6_system_workbench/plugins/fr.ac6.mcu.externaltools.arm-none.win32_1.17.0.201812190825/tools/compiler/bin/../lib/gcc/arm-none-eabi/7.3.1/thumb/v6-m\libgcc.a(_udivsi3.o)
 .debug_frame   0x0000032c       0x20 d:/ac6_system_workbench/plugins/fr.ac6.mcu.externaltools.arm-none.win32_1.17.0.201812190825/tools/compiler/bin/../lib/gcc/arm-none-eabi/7.3.1/thumb/v6-m\libgcc.a(_divsi3.o)
 .debug_frame   0x0000034c       0x3c d:/ac6_system_workbench/plugins/fr.ac6.mcu.externaltools.arm-none.win32_1.17.0.201812190825/tools/compiler/bin/../lib/gcc/arm-none-eabi/7.3.1/thumb/v6-m\libgcc.a(mulsf3.o)
 .debug_frame   0x00000388       0x20 d:/ac6_system_workbench/plugins/fr.ac6.mcu.externaltools.arm-none.win32_1.17.0.201812190825/tools/compiler/bin/../lib/gcc/arm-none-eabi/7.3.1/thumb/v6-m\libgcc.a(fixsfsi.o)
 .debug_frame   0x000003a8       0x2c d:/ac6_system_workbench/plugins/fr.ac6.mcu.externaltools.arm-none.win32_1.17.0.201812190825/tools/compiler/bin/../lib/gcc/arm-none-eabi/7.3.1/thumb/v6-m\libgcc.a(floatsisf.o)
 .debug_frame   0x000003d4       0x38 d:/ac6_system_workbench/plugins/fr.ac6.mcu.externaltools.arm-none.win32_1.17.0.201812190825/tools/compiler/bin/../lib/gcc/arm-none-eabi/7.3.1/thumb/v6-m\libgcc.a(adddf3.o)
 .debug_frame   0x0000040c       0x3c d:/ac6_system_workbench/plugins/fr.ac6.mcu.externaltools.arm-none.win32_1.17.0.201812190825/tools/compiler/bin/../lib/gcc/arm-none-eabi/7.3.1/thumb/v6-m\libgcc.a(divdf3.o)
 .debug_frame   0x00000448       0x38 d:/ac6_system_workbench/plugins/fr.ac6.mcu.externaltools.arm-none.win32_1.17.0.201812190825/tools/compiler/bin/../lib/gcc/arm-none-eabi/7.3.1/thumb/v6-m\libgcc.a(eqdf2.o)
 .debug_frame   0x00000480       0x38 d:/ac6_system_workbench/plugins/fr.ac6.mcu.externaltools.arm-none.win32_1.17.0.201812190825/tools/compiler/bin/../lib/gcc/arm-none-eabi/7.3.1/thumb/v6-m\libgcc.a(gedf2.o)
 .debug_frame   0x000004b8       0x38 d:/ac6_system_workbench/plugins/fr.ac6.mcu.externaltools.arm-none.win32_1.17.0.201812190825/tools/compiler/bin/../lib/gcc/arm-none-eabi/7.3.1/thumb/v6-m\libgcc.a(ledf2.o)
 .debug_frame   0x000004f0       0x3c d:/ac6_system_workbench/plugins/fr.ac6.mcu.externaltools.arm-none.win32_1.17.0.201812190825/tools/compiler/bin/../lib/gcc/arm-none-eabi/7.3.1/thumb/v6-m\libgcc.a(muldf3.o)
 .debug_frame   0x0000052c       0x3c d:/ac6_system_workbench/plugins/fr.ac6.mcu.externaltools.arm-none.win32_1.17.0.201812190825/tools/compiler/bin/../lib/gcc/arm-none-eabi/7.3.1/thumb/v6-m\libgcc.a(subdf3.o)
 .debug_frame   0x00000568       0x2c d:/ac6_system_workbench/plugins/fr.ac6.mcu.externaltools.arm-none.win32_1.17.0.201812190825/tools/compiler/bin/../lib/gcc/arm-none-eabi/7.3.1/thumb/v6-m\libgcc.a(unorddf2.o)
 .debug_frame   0x00000594       0x2c d:/ac6_system_workbench/plugins/fr.ac6.mcu.externaltools.arm-none.win32_1.17.0.201812190825/tools/compiler/bin/../lib/gcc/arm-none-eabi/7.3.1/thumb/v6-m\libgcc.a(fixdfsi.o)
 .debug_frame   0x000005c0       0x2c d:/ac6_system_workbench/plugins/fr.ac6.mcu.externaltools.arm-none.win32_1.17.0.201812190825/tools/compiler/bin/../lib/gcc/arm-none-eabi/7.3.1/thumb/v6-m\libgcc.a(floatsidf.o)
 .debug_frame   0x000005ec       0x30 d:/ac6_system_workbench/plugins/fr.ac6.mcu.externaltools.arm-none.win32_1.17.0.201812190825/tools/compiler/bin/../lib/gcc/arm-none-eabi/7.3.1/thumb/v6-m\libgcc.a(truncdfsf2.o)
 .debug_frame   0x0000061c       0x20 d:/ac6_system_workbench/plugins/fr.ac6.mcu.externaltools.arm-none.win32_1.17.0.201812190825/tools/compiler/bin/../lib/gcc/arm-none-eabi/7.3.1/../../../../arm-none-eabi/lib/thumb/v6-m\libc.a(lib_a-errno.o)
 .debug_frame   0x0000063c       0x2c d:/ac6_system_workbench/plugins/fr.ac6.mcu.externaltools.arm-none.win32_1.17.0.201812190825/tools/compiler/bin/../lib/gcc/arm-none-eabi/7.3.1/../../../../arm-none-eabi/lib/thumb/v6-m\libc.a(lib_a-init.o)
 .debug_frame   0x00000668       0x2c d:/ac6_system_workbench/plugins/fr.ac6.mcu.externaltools.arm-none.win32_1.17.0.201812190825/tools/compiler/bin/../lib/gcc/arm-none-eabi/7.3.1/../../../../arm-none-eabi/lib/thumb/v6-m\libc.a(lib_a-strncmp.o)
 .debug_frame   0x00000694       0x54 d:/ac6_system_workbench/plugins/fr.ac6.mcu.externaltools.arm-none.win32_1.17.0.201812190825/tools/compiler/bin/../lib/gcc/arm-none-eabi/7.3.1/../../../../arm-none-eabi/lib/thumb/v6-m\libc.a(lib_a-__call_atexit.o)
 .debug_frame   0x000006e8       0x28 d:/ac6_system_workbench/plugins/fr.ac6.mcu.externaltools.arm-none.win32_1.17.0.201812190825/tools/compiler/bin/../lib/gcc/arm-none-eabi/7.3.1/../../../../arm-none-eabi/lib/thumb/v6-m\libc.a(lib_a-atexit.o)
 .debug_frame   0x00000710       0x2c d:/ac6_system_workbench/plugins/fr.ac6.mcu.externaltools.arm-none.win32_1.17.0.201812190825/tools/compiler/bin/../lib/gcc/arm-none-eabi/7.3.1/../../../../arm-none-eabi/lib/thumb/v6-m\libc.a(lib_a-fini.o)
 .debug_frame   0x0000073c       0xb0 d:/ac6_system_workbench/plugins/fr.ac6.mcu.externaltools.arm-none.win32_1.17.0.201812190825/tools/compiler/bin/../lib/gcc/arm-none-eabi/7.3.1/../../../../arm-none-eabi/lib/thumb/v6-m\libc.a(lib_a-lock.o)
 .debug_frame   0x000007ec       0x3c d:/ac6_system_workbench/plugins/fr.ac6.mcu.externaltools.arm-none.win32_1.17.0.201812190825/tools/compiler/bin/../lib/gcc/arm-none-eabi/7.3.1/../../../../arm-none-eabi/lib/thumb/v6-m\libc.a(lib_a-__atexit.o)
