16:58:10 **** Incremental Build of configuration Debug for project Lab7 ****
make -j8 all 
Building file: ../src/main.c
Invoking: MCU GCC Compiler
/home/shay/a/fu216/workspace/stm32f0_test/Lab7/Lab7/Debug
arm-none-eabi-gcc -mcpu=cortex-m0 -mthumb -mfloat-abi=soft -DSTM32 -DSTM32F0 -DSTM32F051R8Tx -DSTM32F0DISCOVERY -DDEBUG -DSTM32F051 -DUSE_STDPERIPH_DRIVER -I"/home/shay/a/fu216/workspace/stm32f0_test/Lab7/Lab7/Utilities" -I"/home/shay/a/fu216/workspace/stm32f0_test/Lab7/Lab7/StdPeriph_Driver/inc" -I"/home/shay/a/fu216/workspace/stm32f0_test/Lab7/Lab7/inc" -I"/home/shay/a/fu216/workspace/stm32f0_test/Lab7/Lab7/CMSIS/device" -I"/home/shay/a/fu216/workspace/stm32f0_test/Lab7/Lab7/CMSIS/core" -O0 -g3 -Wall -fmessage-length=0 -ffunction-sections -c -MMD -MP -MF"src/main.d" -MT"src/main.o" -o "src/main.o" "../src/main.c"
../src/main.c: In function 'get_key_pressed':
../src/main.c:19:12: warning: implicit declaration of function 'get_key_press'; did you mean 'get_key_pressed'? [-Wimplicit-function-declaration]
  int key = get_key_press();
            ^~~~~~~~~~~~~
            get_key_pressed
../src/main.c:20:15: warning: implicit declaration of function 'get_key_release'; did you mean 'get_key_pressed'? [-Wimplicit-function-declaration]
  while(key != get_key_release());
               ^~~~~~~~~~~~~~~
               get_key_pressed
../src/main.c: In function 'prob2':
../src/main.c:87:5: warning: implicit declaration of function 'setup_gpio' [-Wimplicit-function-declaration]
     setup_gpio();
     ^~~~~~~~~~
../src/main.c:88:5: warning: implicit declaration of function 'setup_pwm' [-Wimplicit-function-declaration]
     setup_pwm();
     ^~~~~~~~~
../src/main.c:121:9: warning: implicit declaration of function 'update_rgb' [-Wimplicit-function-declaration]
         update_rgb(r, g, b);
         ^~~~~~~~~~
../src/main.c:122:9: warning: implicit declaration of function 'usleep' [-Wimplicit-function-declaration]
         usleep(10000);
         ^~~~~~
../src/main.c: In function 'prob3':
../src/main.c:130:5: warning: implicit declaration of function 'init_keypad'; did you mean 'init_lcd'? [-Wimplicit-function-declaration]
     init_keypad();
     ^~~~~~~~~~~
     init_lcd
../src/main.c:131:5: warning: implicit declaration of function 'setup_timer6' [-Wimplicit-function-declaration]
     setup_timer6();
     ^~~~~~~~~~~~
../src/main.c: At top level:
../src/main.c:149:6: warning: conflicting types for 'setup_gpio'
 void setup_gpio() {
      ^~~~~~~~~~
../src/main.c:87:5: note: previous implicit declaration of 'setup_gpio' was here
     setup_gpio();
     ^~~~~~~~~~
../src/main.c:163:6: warning: conflicting types for 'setup_pwm'
 void setup_pwm() {
      ^~~~~~~~~
../src/main.c:88:5: note: previous implicit declaration of 'setup_pwm' was here
     setup_pwm();
     ^~~~~~~~~
../src/main.c:199:6: warning: conflicting types for 'update_rgb'
 void update_rgb(int r, int g, int b) {
      ^~~~~~~~~~
../src/main.c:121:9: note: previous implicit declaration of 'update_rgb' was here
         update_rgb(r, g, b);
         ^~~~~~~~~~
../src/main.c:217:6: warning: conflicting types for 'init_keypad'
 void init_keypad() {
      ^~~~~~~~~~~
../src/main.c:130:5: note: previous implicit declaration of 'init_keypad' was here
     init_keypad();
     ^~~~~~~~~~~
../src/main.c:233:6: warning: conflicting types for 'setup_timer6'
 void setup_timer6() {
      ^~~~~~~~~~~~
../src/main.c:131:5: note: previous implicit declaration of 'setup_timer6' was here
     setup_timer6();
     ^~~~~~~~~~~~
Finished building: ../src/main.c
 
Building target: Lab7.elf
Invoking: MCU GCC Linker
arm-none-eabi-gcc -mcpu=cortex-m0 -mthumb -mfloat-abi=soft -T"/home/shay/a/fu216/workspace/stm32f0_test/Lab7/Lab7/LinkerScript.ld" -Wl,-Map=output.map -Wl,--gc-sections -o "Lab7.elf" @"objects.list" /home/shay/a/fu216/workspace/stm32f0_test/Lab7/Lab7/src/lcd_driver.o  -lm
Finished building target: Lab7.elf
 
make --no-print-directory post-build
Generating binary and Printing size information:
arm-none-eabi-objcopy -O binary "Lab7.elf" "Lab7.bin"
arm-none-eabi-size "Lab7.elf"
   text	   data	    bss	    dec	    hex	filename
   4164	   1144	    228	   5536	   15a0	Lab7.elf
 

16:58:11 Build Finished (took 786ms)

