20:23:46 **** Incremental Build of configuration Debug for project Lab3 ****
make -j8 all 
make: Nothing to be done for 'all'.
20:23:50 **** Incremental Build of configuration Debug for project Lab3 ****
make -j8 all 
make: Nothing to be done for 'all'.
20:29:02 **** Incremental Build of configuration Debug for project Lab3 ****
make -j8 all 
Building file: ../src/main.s
Invoking: MCU GCC Assembler
/home/shay/a/fu216/workspace/stm32f0_test/Lab3/Lab3/Debug
arm-none-eabi-as -mcpu=cortex-m0 -mthumb -mfloat-abi=soft -I"/home/shay/a/fu216/workspace/stm32f0_test/Lab3/Lab3/Utilities" -I"/home/shay/a/fu216/workspace/stm32f0_test/Lab3/Lab3/StdPeriph_Driver/inc" -I"/home/shay/a/fu216/workspace/stm32f0_test/Lab3/Lab3/inc" -I"/home/shay/a/fu216/workspace/stm32f0_test/Lab3/Lab3/CMSIS/device" -I"/home/shay/a/fu216/workspace/stm32f0_test/Lab3/Lab3/CMSIS/core" -g -o "src/main.o" "../src/main.s"
Finished building: ../src/main.s
 
Building target: Lab3.elf
Invoking: MCU GCC Linker
arm-none-eabi-gcc -mcpu=cortex-m0 -mthumb -mfloat-abi=soft -T"/home/shay/a/fu216/workspace/stm32f0_test/Lab3/Lab3/LinkerScript.ld" -Wl,-Map=output.map -Wl,--gc-sections -o "Lab3.elf" @"objects.list" /home/shay/a/fu216/workspace/stm32f0_test/Lab3/Lab3/src/autotest.o  -lm
Finished building target: Lab3.elf
 
make --no-print-directory post-build
Generating binary and Printing size information:
arm-none-eabi-objcopy -O binary "Lab3.elf" "Lab3.bin"
arm-none-eabi-size "Lab3.elf"
   text	   data	    bss	    dec	    hex	filename
   1444	   1080	    196	   2720	    aa0	Lab3.elf
 
20:29:34 **** Incremental Build of configuration Debug for project Lab3 ****
make -j8 all 
make: Nothing to be done for 'all'.
20:34:56 **** Incremental Build of configuration Debug for project Lab3 ****
make -j8 all 
Building file: ../src/main.s
Invoking: MCU GCC Assembler
/home/shay/a/fu216/workspace/stm32f0_test/Lab3/Lab3/Debug
arm-none-eabi-as -mcpu=cortex-m0 -mthumb -mfloat-abi=soft -I"/home/shay/a/fu216/workspace/stm32f0_test/Lab3/Lab3/Utilities" -I"/home/shay/a/fu216/workspace/stm32f0_test/Lab3/Lab3/StdPeriph_Driver/inc" -I"/home/shay/a/fu216/workspace/stm32f0_test/Lab3/Lab3/inc" -I"/home/shay/a/fu216/workspace/stm32f0_test/Lab3/Lab3/CMSIS/device" -I"/home/shay/a/fu216/workspace/stm32f0_test/Lab3/Lab3/CMSIS/core" -g -o "src/main.o" "../src/main.s"
Finished building: ../src/main.s
 
Building target: Lab3.elf
Invoking: MCU GCC Linker
arm-none-eabi-gcc -mcpu=cortex-m0 -mthumb -mfloat-abi=soft -T"/home/shay/a/fu216/workspace/stm32f0_test/Lab3/Lab3/LinkerScript.ld" -Wl,-Map=output.map -Wl,--gc-sections -o "Lab3.elf" @"objects.list" /home/shay/a/fu216/workspace/stm32f0_test/Lab3/Lab3/src/autotest.o  -lm
Finished building target: Lab3.elf
 
make --no-print-directory post-build
Generating binary and Printing size information:
arm-none-eabi-objcopy -O binary "Lab3.elf" "Lab3.bin"
arm-none-eabi-size "Lab3.elf"
   text	   data	    bss	    dec	    hex	filename
   1440	   1080	    196	   2716	    a9c	Lab3.elf
 
20:35:04 **** Incremental Build of configuration Debug for project Lab3 ****
make -j8 all 
make: Nothing to be done for 'all'.
20:39:50 **** Incremental Build of configuration Debug for project Lab3 ****
make -j8 all 
Building file: ../src/main.s
Invoking: MCU GCC Assembler
/home/shay/a/fu216/workspace/stm32f0_test/Lab3/Lab3/Debug
arm-none-eabi-as -mcpu=cortex-m0 -mthumb -mfloat-abi=soft -I"/home/shay/a/fu216/workspace/stm32f0_test/Lab3/Lab3/Utilities" -I"/home/shay/a/fu216/workspace/stm32f0_test/Lab3/Lab3/StdPeriph_Driver/inc" -I"/home/shay/a/fu216/workspace/stm32f0_test/Lab3/Lab3/inc" -I"/home/shay/a/fu216/workspace/stm32f0_test/Lab3/Lab3/CMSIS/device" -I"/home/shay/a/fu216/workspace/stm32f0_test/Lab3/Lab3/CMSIS/core" -g -o "src/main.o" "../src/main.s"
Finished building: ../src/main.s
 
Building target: Lab3.elf
Invoking: MCU GCC Linker
arm-none-eabi-gcc -mcpu=cortex-m0 -mthumb -mfloat-abi=soft -T"/home/shay/a/fu216/workspace/stm32f0_test/Lab3/Lab3/LinkerScript.ld" -Wl,-Map=output.map -Wl,--gc-sections -o "Lab3.elf" @"objects.list" /home/shay/a/fu216/workspace/stm32f0_test/Lab3/Lab3/src/autotest.o  -lm
Finished building target: Lab3.elf
 
make --no-print-directory post-build
Generating binary and Printing size information:
arm-none-eabi-objcopy -O binary "Lab3.elf" "Lab3.bin"
arm-none-eabi-size "Lab3.elf"
   text	   data	    bss	    dec	    hex	filename
   1444	   1080	    196	   2720	    aa0	Lab3.elf
 
20:42:04 **** Incremental Build of configuration Debug for project Lab3 ****
make -j8 all 
Building file: ../src/main.s
Invoking: MCU GCC Assembler
/home/shay/a/fu216/workspace/stm32f0_test/Lab3/Lab3/Debug
arm-none-eabi-as -mcpu=cortex-m0 -mthumb -mfloat-abi=soft -I"/home/shay/a/fu216/workspace/stm32f0_test/Lab3/Lab3/Utilities" -I"/home/shay/a/fu216/workspace/stm32f0_test/Lab3/Lab3/StdPeriph_Driver/inc" -I"/home/shay/a/fu216/workspace/stm32f0_test/Lab3/Lab3/inc" -I"/home/shay/a/fu216/workspace/stm32f0_test/Lab3/Lab3/CMSIS/device" -I"/home/shay/a/fu216/workspace/stm32f0_test/Lab3/Lab3/CMSIS/core" -g -o "src/main.o" "../src/main.s"
Finished building: ../src/main.s
 
Building target: Lab3.elf
Invoking: MCU GCC Linker
arm-none-eabi-gcc -mcpu=cortex-m0 -mthumb -mfloat-abi=soft -T"/home/shay/a/fu216/workspace/stm32f0_test/Lab3/Lab3/LinkerScript.ld" -Wl,-Map=output.map -Wl,--gc-sections -o "Lab3.elf" @"objects.list" /home/shay/a/fu216/workspace/stm32f0_test/Lab3/Lab3/src/autotest.o  -lm
Finished building target: Lab3.elf
 
make --no-print-directory post-build
Generating binary and Printing size information:
arm-none-eabi-objcopy -O binary "Lab3.elf" "Lab3.bin"
arm-none-eabi-size "Lab3.elf"
   text	   data	    bss	    dec	    hex	filename
   1436	   1080	    196	   2712	    a98	Lab3.elf
 
20:45:01 **** Incremental Build of configuration Debug for project Lab3 ****
make -j8 all 
Building file: ../src/main.s
Invoking: MCU GCC Assembler
/home/shay/a/fu216/workspace/stm32f0_test/Lab3/Lab3/Debug
arm-none-eabi-as -mcpu=cortex-m0 -mthumb -mfloat-abi=soft -I"/home/shay/a/fu216/workspace/stm32f0_test/Lab3/Lab3/Utilities" -I"/home/shay/a/fu216/workspace/stm32f0_test/Lab3/Lab3/StdPeriph_Driver/inc" -I"/home/shay/a/fu216/workspace/stm32f0_test/Lab3/Lab3/inc" -I"/home/shay/a/fu216/workspace/stm32f0_test/Lab3/Lab3/CMSIS/device" -I"/home/shay/a/fu216/workspace/stm32f0_test/Lab3/Lab3/CMSIS/core" -g -o "src/main.o" "../src/main.s"
Finished building: ../src/main.s
 
Building target: Lab3.elf
Invoking: MCU GCC Linker
arm-none-eabi-gcc -mcpu=cortex-m0 -mthumb -mfloat-abi=soft -T"/home/shay/a/fu216/workspace/stm32f0_test/Lab3/Lab3/LinkerScript.ld" -Wl,-Map=output.map -Wl,--gc-sections -o "Lab3.elf" @"objects.list" /home/shay/a/fu216/workspace/stm32f0_test/Lab3/Lab3/src/autotest.o  -lm
Finished building target: Lab3.elf
 
make --no-print-directory post-build
Generating binary and Printing size information:
arm-none-eabi-objcopy -O binary "Lab3.elf" "Lab3.bin"
arm-none-eabi-size "Lab3.elf"
   text	   data	    bss	    dec	    hex	filename
   1444	   1080	    196	   2720	    aa0	Lab3.elf
 
20:45:56 **** Incremental Build of configuration Debug for project Lab3 ****
make -j8 all 
make: Nothing to be done for 'all'.
20:47:22 **** Incremental Build of configuration Debug for project Lab3 ****
make -j8 all 
Building file: ../src/main.s
Invoking: MCU GCC Assembler
/home/shay/a/fu216/workspace/stm32f0_test/Lab3/Lab3/Debug
arm-none-eabi-as -mcpu=cortex-m0 -mthumb -mfloat-abi=soft -I"/home/shay/a/fu216/workspace/stm32f0_test/Lab3/Lab3/Utilities" -I"/home/shay/a/fu216/workspace/stm32f0_test/Lab3/Lab3/StdPeriph_Driver/inc" -I"/home/shay/a/fu216/workspace/stm32f0_test/Lab3/Lab3/inc" -I"/home/shay/a/fu216/workspace/stm32f0_test/Lab3/Lab3/CMSIS/device" -I"/home/shay/a/fu216/workspace/stm32f0_test/Lab3/Lab3/CMSIS/core" -g -o "src/main.o" "../src/main.s"
Finished building: ../src/main.s
 
Building target: Lab3.elf
Invoking: MCU GCC Linker
arm-none-eabi-gcc -mcpu=cortex-m0 -mthumb -mfloat-abi=soft -T"/home/shay/a/fu216/workspace/stm32f0_test/Lab3/Lab3/LinkerScript.ld" -Wl,-Map=output.map -Wl,--gc-sections -o "Lab3.elf" @"objects.list" /home/shay/a/fu216/workspace/stm32f0_test/Lab3/Lab3/src/autotest.o  -lm
Finished building target: Lab3.elf
 
make --no-print-directory post-build
Generating binary and Printing size information:
arm-none-eabi-objcopy -O binary "Lab3.elf" "Lab3.bin"
arm-none-eabi-size "Lab3.elf"
   text	   data	    bss	    dec	    hex	filename
   1444	   1080	    196	   2720	    aa0	Lab3.elf
 
20:47:52 **** Incremental Build of configuration Debug for project Lab3 ****
make -j8 all 
Building file: ../src/main.s
Invoking: MCU GCC Assembler
/home/shay/a/fu216/workspace/stm32f0_test/Lab3/Lab3/Debug
arm-none-eabi-as -mcpu=cortex-m0 -mthumb -mfloat-abi=soft -I"/home/shay/a/fu216/workspace/stm32f0_test/Lab3/Lab3/Utilities" -I"/home/shay/a/fu216/workspace/stm32f0_test/Lab3/Lab3/StdPeriph_Driver/inc" -I"/home/shay/a/fu216/workspace/stm32f0_test/Lab3/Lab3/inc" -I"/home/shay/a/fu216/workspace/stm32f0_test/Lab3/Lab3/CMSIS/device" -I"/home/shay/a/fu216/workspace/stm32f0_test/Lab3/Lab3/CMSIS/core" -g -o "src/main.o" "../src/main.s"
Finished building: ../src/main.s
 
Building target: Lab3.elf
Invoking: MCU GCC Linker
arm-none-eabi-gcc -mcpu=cortex-m0 -mthumb -mfloat-abi=soft -T"/home/shay/a/fu216/workspace/stm32f0_test/Lab3/Lab3/LinkerScript.ld" -Wl,-Map=output.map -Wl,--gc-sections -o "Lab3.elf" @"objects.list" /home/shay/a/fu216/workspace/stm32f0_test/Lab3/Lab3/src/autotest.o  -lm
Finished building target: Lab3.elf
 
make --no-print-directory post-build
Generating binary and Printing size information:
arm-none-eabi-objcopy -O binary "Lab3.elf" "Lab3.bin"
arm-none-eabi-size "Lab3.elf"
   text	   data	    bss	    dec	    hex	filename
   1644	   1080	    196	   2920	    b68	Lab3.elf
 
20:48:20 **** Incremental Build of configuration Debug for project Lab3 ****
make -j8 all 
Building file: ../src/main.s
Invoking: MCU GCC Assembler
/home/shay/a/fu216/workspace/stm32f0_test/Lab3/Lab3/Debug
arm-none-eabi-as -mcpu=cortex-m0 -mthumb -mfloat-abi=soft -I"/home/shay/a/fu216/workspace/stm32f0_test/Lab3/Lab3/Utilities" -I"/home/shay/a/fu216/workspace/stm32f0_test/Lab3/Lab3/StdPeriph_Driver/inc" -I"/home/shay/a/fu216/workspace/stm32f0_test/Lab3/Lab3/inc" -I"/home/shay/a/fu216/workspace/stm32f0_test/Lab3/Lab3/CMSIS/device" -I"/home/shay/a/fu216/workspace/stm32f0_test/Lab3/Lab3/CMSIS/core" -g -o "src/main.o" "../src/main.s"
Finished building: ../src/main.s
 
Building target: Lab3.elf
Invoking: MCU GCC Linker
arm-none-eabi-gcc -mcpu=cortex-m0 -mthumb -mfloat-abi=soft -T"/home/shay/a/fu216/workspace/stm32f0_test/Lab3/Lab3/LinkerScript.ld" -Wl,-Map=output.map -Wl,--gc-sections -o "Lab3.elf" @"objects.list" /home/shay/a/fu216/workspace/stm32f0_test/Lab3/Lab3/src/autotest.o  -lm
Finished building target: Lab3.elf
 
make --no-print-directory post-build
Generating binary and Printing size information:
arm-none-eabi-objcopy -O binary "Lab3.elf" "Lab3.bin"
arm-none-eabi-size "Lab3.elf"
   text	   data	    bss	    dec	    hex	filename
   1308	   1080	    196	   2584	    a18	Lab3.elf
 
20:50:15 **** Incremental Build of configuration Debug for project Lab3 ****
make -j8 all 
Building file: ../src/main.s
Invoking: MCU GCC Assembler
/home/shay/a/fu216/workspace/stm32f0_test/Lab3/Lab3/Debug
arm-none-eabi-as -mcpu=cortex-m0 -mthumb -mfloat-abi=soft -I"/home/shay/a/fu216/workspace/stm32f0_test/Lab3/Lab3/Utilities" -I"/home/shay/a/fu216/workspace/stm32f0_test/Lab3/Lab3/StdPeriph_Driver/inc" -I"/home/shay/a/fu216/workspace/stm32f0_test/Lab3/Lab3/inc" -I"/home/shay/a/fu216/workspace/stm32f0_test/Lab3/Lab3/CMSIS/device" -I"/home/shay/a/fu216/workspace/stm32f0_test/Lab3/Lab3/CMSIS/core" -g -o "src/main.o" "../src/main.s"
Finished building: ../src/main.s
 
Building target: Lab3.elf
Invoking: MCU GCC Linker
arm-none-eabi-gcc -mcpu=cortex-m0 -mthumb -mfloat-abi=soft -T"/home/shay/a/fu216/workspace/stm32f0_test/Lab3/Lab3/LinkerScript.ld" -Wl,-Map=output.map -Wl,--gc-sections -o "Lab3.elf" @"objects.list" /home/shay/a/fu216/workspace/stm32f0_test/Lab3/Lab3/src/autotest.o  -lm
Finished building target: Lab3.elf
 
make --no-print-directory post-build
Generating binary and Printing size information:
arm-none-eabi-objcopy -O binary "Lab3.elf" "Lab3.bin"
arm-none-eabi-size "Lab3.elf"
   text	   data	    bss	    dec	    hex	filename
   1444	   1080	    196	   2720	    aa0	Lab3.elf
 
20:52:49 **** Incremental Build of configuration Debug for project Lab3 ****
make -j8 all 
make: Nothing to be done for 'all'.
20:53:27 **** Incremental Build of configuration Debug for project Lab3 ****
make -j8 all 
make: Nothing to be done for 'all'.
20:53:41 **** Incremental Build of configuration Debug for project Lab3 ****
make -j8 all 
make: Nothing to be done for 'all'.
20:57:03 **** Incremental Build of configuration Debug for project Lab3 ****
make -j8 all 
make: Nothing to be done for 'all'.
20:59:04 **** Incremental Build of configuration Debug for project Lab3 ****
make -j8 all 
Building file: ../src/main.s
Invoking: MCU GCC Assembler
/home/shay/a/fu216/workspace/stm32f0_test/Lab3/Lab3/Debug
arm-none-eabi-as -mcpu=cortex-m0 -mthumb -mfloat-abi=soft -I"/home/shay/a/fu216/workspace/stm32f0_test/Lab3/Lab3/Utilities" -I"/home/shay/a/fu216/workspace/stm32f0_test/Lab3/Lab3/StdPeriph_Driver/inc" -I"/home/shay/a/fu216/workspace/stm32f0_test/Lab3/Lab3/inc" -I"/home/shay/a/fu216/workspace/stm32f0_test/Lab3/Lab3/CMSIS/device" -I"/home/shay/a/fu216/workspace/stm32f0_test/Lab3/Lab3/CMSIS/core" -g -o "src/main.o" "../src/main.s"
Finished building: ../src/main.s
 
Building target: Lab3.elf
Invoking: MCU GCC Linker
arm-none-eabi-gcc -mcpu=cortex-m0 -mthumb -mfloat-abi=soft -T"/home/shay/a/fu216/workspace/stm32f0_test/Lab3/Lab3/LinkerScript.ld" -Wl,-Map=output.map -Wl,--gc-sections -o "Lab3.elf" @"objects.list" /home/shay/a/fu216/workspace/stm32f0_test/Lab3/Lab3/src/autotest.o  -lm
Finished building target: Lab3.elf
 
make --no-print-directory post-build
Generating binary and Printing size information:
arm-none-eabi-objcopy -O binary "Lab3.elf" "Lab3.bin"
arm-none-eabi-size "Lab3.elf"
   text	   data	    bss	    dec	    hex	filename
   1444	   1080	    196	   2720	    aa0	Lab3.elf
 
21:06:04 **** Incremental Build of configuration Debug for project Lab3 ****
make -j8 all 
Building file: ../src/main.s
Invoking: MCU GCC Assembler
/home/shay/a/fu216/workspace/stm32f0_test/Lab3/Lab3/Debug
arm-none-eabi-as -mcpu=cortex-m0 -mthumb -mfloat-abi=soft -I"/home/shay/a/fu216/workspace/stm32f0_test/Lab3/Lab3/Utilities" -I"/home/shay/a/fu216/workspace/stm32f0_test/Lab3/Lab3/StdPeriph_Driver/inc" -I"/home/shay/a/fu216/workspace/stm32f0_test/Lab3/Lab3/inc" -I"/home/shay/a/fu216/workspace/stm32f0_test/Lab3/Lab3/CMSIS/device" -I"/home/shay/a/fu216/workspace/stm32f0_test/Lab3/Lab3/CMSIS/core" -g -o "src/main.o" "../src/main.s"
Finished building: ../src/main.s
 
Building target: Lab3.elf
Invoking: MCU GCC Linker
arm-none-eabi-gcc -mcpu=cortex-m0 -mthumb -mfloat-abi=soft -T"/home/shay/a/fu216/workspace/stm32f0_test/Lab3/Lab3/LinkerScript.ld" -Wl,-Map=output.map -Wl,--gc-sections -o "Lab3.elf" @"objects.list" /home/shay/a/fu216/workspace/stm32f0_test/Lab3/Lab3/src/autotest.o  -lm
Finished building target: Lab3.elf
 
make --no-print-directory post-build
Generating binary and Printing size information:
arm-none-eabi-objcopy -O binary "Lab3.elf" "Lab3.bin"
arm-none-eabi-size "Lab3.elf"
   text	   data	    bss	    dec	    hex	filename
   1344	   1080	    196	   2620	    a3c	Lab3.elf
 
13:02:38 **** Build of configuration Debug for project Lab3 ****
make -j8 all 
Building file: ../src/main.s
Invoking: MCU GCC Assembler
/home/shay/a/fu216/workspace/stm32f0_test/Lab3/Lab3/Debug
arm-none-eabi-as -mcpu=cortex-m0 -mthumb -mfloat-abi=soft -I"/home/shay/a/fu216/workspace/stm32f0_test/Lab3/Lab3/Utilities" -I"/home/shay/a/fu216/workspace/stm32f0_test/Lab3/Lab3/StdPeriph_Driver/inc" -I"/home/shay/a/fu216/workspace/stm32f0_test/Lab3/Lab3/inc" -I"/home/shay/a/fu216/workspace/stm32f0_test/Lab3/Lab3/CMSIS/device" -I"/home/shay/a/fu216/workspace/stm32f0_test/Lab3/Lab3/CMSIS/core" -g -o "src/main.o" "../src/main.s"
Finished building: ../src/main.s
 
Building target: Lab3.elf
Invoking: MCU GCC Linker
arm-none-eabi-gcc -mcpu=cortex-m0 -mthumb -mfloat-abi=soft -T"/home/shay/a/fu216/workspace/stm32f0_test/Lab3/Lab3/LinkerScript.ld" -Wl,-Map=output.map -Wl,--gc-sections -o "Lab3.elf" @"objects.list" /home/shay/a/fu216/workspace/stm32f0_test/Lab3/Lab3/src/autotest.o  -lm
Finished building target: Lab3.elf
 
make --no-print-directory post-build
Generating binary and Printing size information:
arm-none-eabi-objcopy -O binary "Lab3.elf" "Lab3.bin"
arm-none-eabi-size "Lab3.elf"
   text	   data	    bss	    dec	    hex	filename
   1308	   1080	    196	   2584	    a18	Lab3.elf
 
13:10:44 **** Incremental Build of configuration Debug for project Lab3 ****
make -j8 all 
make: Nothing to be done for 'all'.
14:45:40 **** Incremental Build of configuration Debug for project Lab3 ****
make -j8 all 
Building file: ../src/main.s
Invoking: MCU GCC Assembler
/home/shay/a/fu216/workspace/stm32f0_test/Lab3/Lab3/Debug
arm-none-eabi-as -mcpu=cortex-m0 -mthumb -mfloat-abi=soft -I"/home/shay/a/fu216/workspace/stm32f0_test/Lab3/Lab3/Utilities" -I"/home/shay/a/fu216/workspace/stm32f0_test/Lab3/Lab3/StdPeriph_Driver/inc" -I"/home/shay/a/fu216/workspace/stm32f0_test/Lab3/Lab3/inc" -I"/home/shay/a/fu216/workspace/stm32f0_test/Lab3/Lab3/CMSIS/device" -I"/home/shay/a/fu216/workspace/stm32f0_test/Lab3/Lab3/CMSIS/core" -g -o "src/main.o" "../src/main.s"
Finished building: ../src/main.s
 
Building target: Lab3.elf
Invoking: MCU GCC Linker
arm-none-eabi-gcc -mcpu=cortex-m0 -mthumb -mfloat-abi=soft -T"/home/shay/a/fu216/workspace/stm32f0_test/Lab3/Lab3/LinkerScript.ld" -Wl,-Map=output.map -Wl,--gc-sections -o "Lab3.elf" @"objects.list" /home/shay/a/fu216/workspace/stm32f0_test/Lab3/Lab3/src/autotest.o  -lm
Finished building target: Lab3.elf
 
make --no-print-directory post-build
Generating binary and Printing size information:
arm-none-eabi-objcopy -O binary "Lab3.elf" "Lab3.bin"
arm-none-eabi-size "Lab3.elf"
   text	   data	    bss	    dec	    hex	filename
   1316	   1080	    196	   2592	    a20	Lab3.elf
 
14:47:35 **** Incremental Build of configuration Debug for project Lab3 ****
make -j8 all 
make: Nothing to be done for 'all'.
14:54:54 **** Incremental Build of configuration Debug for project Lab3 ****
make -j8 all 
Building file: ../src/main.s
Invoking: MCU GCC Assembler
/home/shay/a/fu216/workspace/stm32f0_test/Lab3/Lab3/Debug
arm-none-eabi-as -mcpu=cortex-m0 -mthumb -mfloat-abi=soft -I"/home/shay/a/fu216/workspace/stm32f0_test/Lab3/Lab3/Utilities" -I"/home/shay/a/fu216/workspace/stm32f0_test/Lab3/Lab3/StdPeriph_Driver/inc" -I"/home/shay/a/fu216/workspace/stm32f0_test/Lab3/Lab3/inc" -I"/home/shay/a/fu216/workspace/stm32f0_test/Lab3/Lab3/CMSIS/device" -I"/home/shay/a/fu216/workspace/stm32f0_test/Lab3/Lab3/CMSIS/core" -g -o "src/main.o" "../src/main.s"
Finished building: ../src/main.s
 
Building target: Lab3.elf
Invoking: MCU GCC Linker
arm-none-eabi-gcc -mcpu=cortex-m0 -mthumb -mfloat-abi=soft -T"/home/shay/a/fu216/workspace/stm32f0_test/Lab3/Lab3/LinkerScript.ld" -Wl,-Map=output.map -Wl,--gc-sections -o "Lab3.elf" @"objects.list" /home/shay/a/fu216/workspace/stm32f0_test/Lab3/Lab3/src/autotest.o  -lm
Finished building target: Lab3.elf
 
make --no-print-directory post-build
Generating binary and Printing size information:
arm-none-eabi-objcopy -O binary "Lab3.elf" "Lab3.bin"
arm-none-eabi-size "Lab3.elf"
   text	   data	    bss	    dec	    hex	filename
   1352	   1080	    196	   2628	    a44	Lab3.elf
 
14:55:05 **** Incremental Build of configuration Debug for project Lab3 ****
make -j8 all 
Building file: ../src/main.s
Invoking: MCU GCC Assembler
/home/shay/a/fu216/workspace/stm32f0_test/Lab3/Lab3/Debug
arm-none-eabi-as -mcpu=cortex-m0 -mthumb -mfloat-abi=soft -I"/home/shay/a/fu216/workspace/stm32f0_test/Lab3/Lab3/Utilities" -I"/home/shay/a/fu216/workspace/stm32f0_test/Lab3/Lab3/StdPeriph_Driver/inc" -I"/home/shay/a/fu216/workspace/stm32f0_test/Lab3/Lab3/inc" -I"/home/shay/a/fu216/workspace/stm32f0_test/Lab3/Lab3/CMSIS/device" -I"/home/shay/a/fu216/workspace/stm32f0_test/Lab3/Lab3/CMSIS/core" -g -o "src/main.o" "../src/main.s"
Finished building: ../src/main.s
 
Building target: Lab3.elf
Invoking: MCU GCC Linker
arm-none-eabi-gcc -mcpu=cortex-m0 -mthumb -mfloat-abi=soft -T"/home/shay/a/fu216/workspace/stm32f0_test/Lab3/Lab3/LinkerScript.ld" -Wl,-Map=output.map -Wl,--gc-sections -o "Lab3.elf" @"objects.list" /home/shay/a/fu216/workspace/stm32f0_test/Lab3/Lab3/src/autotest.o  -lm
Finished building target: Lab3.elf
 
make --no-print-directory post-build
Generating binary and Printing size information:
arm-none-eabi-objcopy -O binary "Lab3.elf" "Lab3.bin"
arm-none-eabi-size "Lab3.elf"
   text	   data	    bss	    dec	    hex	filename
   1464	   1080	    196	   2740	    ab4	Lab3.elf
 
14:55:15 **** Incremental Build of configuration Debug for project Lab3 ****
make -j8 all 
Building file: ../src/main.s
Invoking: MCU GCC Assembler
/home/shay/a/fu216/workspace/stm32f0_test/Lab3/Lab3/Debug
arm-none-eabi-as -mcpu=cortex-m0 -mthumb -mfloat-abi=soft -I"/home/shay/a/fu216/workspace/stm32f0_test/Lab3/Lab3/Utilities" -I"/home/shay/a/fu216/workspace/stm32f0_test/Lab3/Lab3/StdPeriph_Driver/inc" -I"/home/shay/a/fu216/workspace/stm32f0_test/Lab3/Lab3/inc" -I"/home/shay/a/fu216/workspace/stm32f0_test/Lab3/Lab3/CMSIS/device" -I"/home/shay/a/fu216/workspace/stm32f0_test/Lab3/Lab3/CMSIS/core" -g -o "src/main.o" "../src/main.s"
Finished building: ../src/main.s
 
Building target: Lab3.elf
Invoking: MCU GCC Linker
arm-none-eabi-gcc -mcpu=cortex-m0 -mthumb -mfloat-abi=soft -T"/home/shay/a/fu216/workspace/stm32f0_test/Lab3/Lab3/LinkerScript.ld" -Wl,-Map=output.map -Wl,--gc-sections -o "Lab3.elf" @"objects.list" /home/shay/a/fu216/workspace/stm32f0_test/Lab3/Lab3/src/autotest.o  -lm
Finished building target: Lab3.elf
 
make --no-print-directory post-build
Generating binary and Printing size information:
arm-none-eabi-objcopy -O binary "Lab3.elf" "Lab3.bin"
arm-none-eabi-size "Lab3.elf"
   text	   data	    bss	    dec	    hex	filename
   1328	   1080	    196	   2604	    a2c	Lab3.elf
 
14:55:24 **** Incremental Build of configuration Debug for project Lab3 ****
make -j8 all 
Building file: ../src/main.s
Invoking: MCU GCC Assembler
/home/shay/a/fu216/workspace/stm32f0_test/Lab3/Lab3/Debug
arm-none-eabi-as -mcpu=cortex-m0 -mthumb -mfloat-abi=soft -I"/home/shay/a/fu216/workspace/stm32f0_test/Lab3/Lab3/Utilities" -I"/home/shay/a/fu216/workspace/stm32f0_test/Lab3/Lab3/StdPeriph_Driver/inc" -I"/home/shay/a/fu216/workspace/stm32f0_test/Lab3/Lab3/inc" -I"/home/shay/a/fu216/workspace/stm32f0_test/Lab3/Lab3/CMSIS/device" -I"/home/shay/a/fu216/workspace/stm32f0_test/Lab3/Lab3/CMSIS/core" -g -o "src/main.o" "../src/main.s"
Finished building: ../src/main.s
 
Building target: Lab3.elf
Invoking: MCU GCC Linker
arm-none-eabi-gcc -mcpu=cortex-m0 -mthumb -mfloat-abi=soft -T"/home/shay/a/fu216/workspace/stm32f0_test/Lab3/Lab3/LinkerScript.ld" -Wl,-Map=output.map -Wl,--gc-sections -o "Lab3.elf" @"objects.list" /home/shay/a/fu216/workspace/stm32f0_test/Lab3/Lab3/src/autotest.o  -lm
Finished building target: Lab3.elf
 
make --no-print-directory post-build
Generating binary and Printing size information:
arm-none-eabi-objcopy -O binary "Lab3.elf" "Lab3.bin"
arm-none-eabi-size "Lab3.elf"
   text	   data	    bss	    dec	    hex	filename
   1312	   1080	    196	   2588	    a1c	Lab3.elf
 
15:11:19 **** Incremental Build of configuration Debug for project Lab3 ****
make -j8 all 
Building file: ../src/main.s
Invoking: MCU GCC Assembler
/home/shay/a/fu216/workspace/stm32f0_test/Lab3/Lab3/Debug
arm-none-eabi-as -mcpu=cortex-m0 -mthumb -mfloat-abi=soft -I"/home/shay/a/fu216/workspace/stm32f0_test/Lab3/Lab3/Utilities" -I"/home/shay/a/fu216/workspace/stm32f0_test/Lab3/Lab3/StdPeriph_Driver/inc" -I"/home/shay/a/fu216/workspace/stm32f0_test/Lab3/Lab3/inc" -I"/home/shay/a/fu216/workspace/stm32f0_test/Lab3/Lab3/CMSIS/device" -I"/home/shay/a/fu216/workspace/stm32f0_test/Lab3/Lab3/CMSIS/core" -g -o "src/main.o" "../src/main.s"
../src/main.s: Assembler messages:
../src/main.s:24: Error: junk at end of line, first unrecognized character is `d'
src/subdir.mk:28: recipe for target 'src/main.o' failed
make: *** [src/main.o] Error 1
15:11:32 **** Incremental Build of configuration Debug for project Lab3 ****
make -j8 all 
Building file: ../src/main.s
Invoking: MCU GCC Assembler
/home/shay/a/fu216/workspace/stm32f0_test/Lab3/Lab3/Debug
arm-none-eabi-as -mcpu=cortex-m0 -mthumb -mfloat-abi=soft -I"/home/shay/a/fu216/workspace/stm32f0_test/Lab3/Lab3/Utilities" -I"/home/shay/a/fu216/workspace/stm32f0_test/Lab3/Lab3/StdPeriph_Driver/inc" -I"/home/shay/a/fu216/workspace/stm32f0_test/Lab3/Lab3/inc" -I"/home/shay/a/fu216/workspace/stm32f0_test/Lab3/Lab3/CMSIS/device" -I"/home/shay/a/fu216/workspace/stm32f0_test/Lab3/Lab3/CMSIS/core" -g -o "src/main.o" "../src/main.s"
../src/main.s: Assembler messages:
../src/main.s:24: Error: junk at end of line, first unrecognized character is `d'
src/subdir.mk:28: recipe for target 'src/main.o' failed
make: *** [src/main.o] Error 1
15:11:45 **** Incremental Build of configuration Debug for project Lab3 ****
make -j8 all 
Building file: ../src/main.s
Invoking: MCU GCC Assembler
/home/shay/a/fu216/workspace/stm32f0_test/Lab3/Lab3/Debug
arm-none-eabi-as -mcpu=cortex-m0 -mthumb -mfloat-abi=soft -I"/home/shay/a/fu216/workspace/stm32f0_test/Lab3/Lab3/Utilities" -I"/home/shay/a/fu216/workspace/stm32f0_test/Lab3/Lab3/StdPeriph_Driver/inc" -I"/home/shay/a/fu216/workspace/stm32f0_test/Lab3/Lab3/inc" -I"/home/shay/a/fu216/workspace/stm32f0_test/Lab3/Lab3/CMSIS/device" -I"/home/shay/a/fu216/workspace/stm32f0_test/Lab3/Lab3/CMSIS/core" -g -o "src/main.o" "../src/main.s"
../src/main.s: Assembler messages:
../src/main.s:24: Error: junk at end of line, first unrecognized character is `d'
make: *** [src/main.o] Error 1
src/subdir.mk:28: recipe for target 'src/main.o' failed
15:32:53 **** Incremental Build of configuration Debug for project Lab3 ****
make -j8 all 
Building file: ../src/main.s
Invoking: MCU GCC Assembler
/home/shay/a/fu216/workspace/stm32f0_test/Lab3/Lab3/Debug
arm-none-eabi-as -mcpu=cortex-m0 -mthumb -mfloat-abi=soft -I"/home/shay/a/fu216/workspace/stm32f0_test/Lab3/Lab3/Utilities" -I"/home/shay/a/fu216/workspace/stm32f0_test/Lab3/Lab3/StdPeriph_Driver/inc" -I"/home/shay/a/fu216/workspace/stm32f0_test/Lab3/Lab3/inc" -I"/home/shay/a/fu216/workspace/stm32f0_test/Lab3/Lab3/CMSIS/device" -I"/home/shay/a/fu216/workspace/stm32f0_test/Lab3/Lab3/CMSIS/core" -g -o "src/main.o" "../src/main.s"
../src/main.s: Assembler messages:
../src/main.s:24: Error: junk at end of line, first unrecognized character is `d'
make: *** [src/main.o] Error 1
src/subdir.mk:28: recipe for target 'src/main.o' failed
15:33:38 **** Incremental Build of configuration Debug for project Lab3 ****
make -j8 all 
Building file: ../src/main.s
Invoking: MCU GCC Assembler
/home/shay/a/fu216/workspace/stm32f0_test/Lab3/Lab3/Debug
arm-none-eabi-as -mcpu=cortex-m0 -mthumb -mfloat-abi=soft -I"/home/shay/a/fu216/workspace/stm32f0_test/Lab3/Lab3/Utilities" -I"/home/shay/a/fu216/workspace/stm32f0_test/Lab3/Lab3/StdPeriph_Driver/inc" -I"/home/shay/a/fu216/workspace/stm32f0_test/Lab3/Lab3/inc" -I"/home/shay/a/fu216/workspace/stm32f0_test/Lab3/Lab3/CMSIS/device" -I"/home/shay/a/fu216/workspace/stm32f0_test/Lab3/Lab3/CMSIS/core" -g -o "src/main.o" "../src/main.s"
Finished building: ../src/main.s
 
Building target: Lab3.elf
Invoking: MCU GCC Linker
arm-none-eabi-gcc -mcpu=cortex-m0 -mthumb -mfloat-abi=soft -T"/home/shay/a/fu216/workspace/stm32f0_test/Lab3/Lab3/LinkerScript.ld" -Wl,-Map=output.map -Wl,--gc-sections -o "Lab3.elf" @"objects.list" /home/shay/a/fu216/workspace/stm32f0_test/Lab3/Lab3/src/autotest.o  -lm
Finished building target: Lab3.elf
 
make --no-print-directory post-build
Generating binary and Printing size information:
arm-none-eabi-objcopy -O binary "Lab3.elf" "Lab3.bin"
arm-none-eabi-size "Lab3.elf"
   text	   data	    bss	    dec	    hex	filename
   1344	   1080	    196	   2620	    a3c	Lab3.elf
 
15:33:47 **** Incremental Build of configuration Debug for project Lab3 ****
make -j8 all 
Building file: ../src/main.s
Invoking: MCU GCC Assembler
/home/shay/a/fu216/workspace/stm32f0_test/Lab3/Lab3/Debug
arm-none-eabi-as -mcpu=cortex-m0 -mthumb -mfloat-abi=soft -I"/home/shay/a/fu216/workspace/stm32f0_test/Lab3/Lab3/Utilities" -I"/home/shay/a/fu216/workspace/stm32f0_test/Lab3/Lab3/StdPeriph_Driver/inc" -I"/home/shay/a/fu216/workspace/stm32f0_test/Lab3/Lab3/inc" -I"/home/shay/a/fu216/workspace/stm32f0_test/Lab3/Lab3/CMSIS/device" -I"/home/shay/a/fu216/workspace/stm32f0_test/Lab3/Lab3/CMSIS/core" -g -o "src/main.o" "../src/main.s"
Finished building: ../src/main.s
 
Building target: Lab3.elf
Invoking: MCU GCC Linker
arm-none-eabi-gcc -mcpu=cortex-m0 -mthumb -mfloat-abi=soft -T"/home/shay/a/fu216/workspace/stm32f0_test/Lab3/Lab3/LinkerScript.ld" -Wl,-Map=output.map -Wl,--gc-sections -o "Lab3.elf" @"objects.list" /home/shay/a/fu216/workspace/stm32f0_test/Lab3/Lab3/src/autotest.o  -lm
Finished building target: Lab3.elf
 
make --no-print-directory post-build
Generating binary and Printing size information:
arm-none-eabi-objcopy -O binary "Lab3.elf" "Lab3.bin"
arm-none-eabi-size "Lab3.elf"
   text	   data	    bss	    dec	    hex	filename
   1340	   1080	    196	   2616	    a38	Lab3.elf
 
15:34:06 **** Incremental Build of configuration Debug for project Lab3 ****
make -j8 all 
make: Nothing to be done for 'all'.
15:34:53 **** Incremental Build of configuration Debug for project Lab3 ****
make -j8 all 
make: Nothing to be done for 'all'.
16:05:03 **** Incremental Build of configuration Debug for project Lab3 ****
make -j8 all 
make: Nothing to be done for 'all'.
16:06:00 **** Incremental Build of configuration Debug for project Lab3 ****
make -j8 all 
make: Nothing to be done for 'all'.
20:11:23 **** Incremental Build of configuration Debug for project Lab3 ****
make -j8 all 
make: Nothing to be done for 'all'.
