16:47:57 **** Incremental Build of configuration Debug for project Lab4 ****
make -j8 all 
Building file: ../src/main.c
Invoking: MCU GCC Compiler
/home/shay/a/fu216/workspace/stm32f0_test/Lab4/Lab4/Debug
arm-none-eabi-gcc -mcpu=cortex-m0 -mthumb -mfloat-abi=soft -DSTM32 -DSTM32F0 -DSTM32F051R8Tx -DSTM32F0DISCOVERY -DDEBUG -DSTM32F051 -DUSE_STDPERIPH_DRIVER -I"/home/shay/a/fu216/workspace/stm32f0_test/Lab4/Lab4/Utilities" -I"/home/shay/a/fu216/workspace/stm32f0_test/Lab4/Lab4/StdPeriph_Driver/inc" -I"/home/shay/a/fu216/workspace/stm32f0_test/Lab4/Lab4/inc" -I"/home/shay/a/fu216/workspace/stm32f0_test/Lab4/Lab4/CMSIS/device" -I"/home/shay/a/fu216/workspace/stm32f0_test/Lab4/Lab4/CMSIS/core" -O0 -g3 -Wall -fmessage-length=0 -ffunction-sections -c -MMD -MP -MF"src/main.d" -MT"src/main.o" -o "src/main.o" "../src/main.c"
../src/main.c: In function 'reaction_timer':
../src/main.c:34:2: warning: implicit declaration of function 'turnOnBlueLED' [-Wimplicit-function-declaration]
  turnOnBlueLED();
  ^~~~~~~~~~~~~
../src/main.c:35:2: warning: implicit declaration of function 'init_rtsr'; did you mean 'init_systick'? [-Wimplicit-function-declaration]
  init_rtsr();
  ^~~~~~~~~
  init_systick
../src/main.c:36:2: warning: implicit declaration of function 'init_imr'; did you mean 'init_systick'? [-Wimplicit-function-declaration]
  init_imr();
  ^~~~~~~~
  init_systick
../src/main.c:37:2: warning: implicit declaration of function 'init_iser'; did you mean 'init_systick'? [-Wimplicit-function-declaration]
  init_iser();
  ^~~~~~~~~
  init_systick
../src/main.c:38:5: warning: implicit declaration of function 'enable_pb0'; did you mean '__enable_irq'? [-Wimplicit-function-declaration]
     enable_pb0();  // uncomment for last step
     ^~~~~~~~~~
     __enable_irq
Finished building: ../src/main.c
 
Building target: Lab4.elf
Invoking: MCU GCC Linker
arm-none-eabi-gcc -mcpu=cortex-m0 -mthumb -mfloat-abi=soft -T"/home/shay/a/fu216/workspace/stm32f0_test/Lab4/Lab4/LinkerScript.ld" -Wl,-Map=output.map -Wl,--gc-sections -o "Lab4.elf" @"objects.list" /home/shay/a/fu216/workspace/stm32f0_test/Lab4/Lab4/src/autotest.o  -lm
Finished building target: Lab4.elf
 
make --no-print-directory post-build
Generating binary and Printing size information:
arm-none-eabi-objcopy -O binary "Lab4.elf" "Lab4.bin"
arm-none-eabi-size "Lab4.elf"
   text	   data	    bss	    dec	    hex	filename
   1448	   1080	    204	   2732	    aac	Lab4.elf
 

16:47:58 Build Finished (took 667ms)

